---------------
SymbolChain
===============
meowA	meowB	meowC
meowB	meowB	meowC
meowC	meowC	meowC
===============
---------------
NumberWrongOrderChain
===============
1	2	3
2	2	3
3	3	3
===============
---------------
UnionSubtypes
===============
0.5	1
1	1
===============
---------------
RecordSubtypes
===============
[1, [1, nil]]	[2, nil]	[3, nil]
[1, [3, nil]]	[2, [3, nil]]	[3, nil]
[1, [2, nil]]	[2, nil]	[3, nil]
[1, [2, [3, nil]]]	[2, [3, nil]]	[3, nil]
===============
