Indexes: 3	Inequalities: 0	Chains: |0011000-->1011000|1000000-->1101000|0100000-->1100000-->1110000-->1111000-->1111110-->1111111|
Indexes: 3	Inequalities: 0	Chains: |0011000-->1011000|1000000-->1101000|0100000-->1100000-->1110000-->1111000-->1111110-->1111111|
Indexes: 3	Inequalities: 0	Chains: |0011000-->1011000|1000000-->1101000|0100000-->1100000-->1110000-->1111000-->1111110-->1111111|
Indexes: 3	Inequalities: 0	Chains: |0011000-->1011000|1000000-->1101000|0100000-->1100000-->1110000-->1111000-->1111110-->1111111|
Indexes: 3	Inequalities: 0	Chains: |0011000-->1011000|1000000-->1101000|0100000-->1100000-->1110000-->1111000-->1111110-->1111111|
Indexes: 3	Inequalities: 0	Chains: |0011000-->1011000|1000000-->1101000|0100000-->1100000-->1110000-->1111000-->1111110-->1111111|
Indexes: 3	Inequalities: 0	Chains: |0011000-->1011000|1000000-->1101000|0100000-->1100000-->1110000-->1111000-->1111110-->1111111|
Indexes: 3	Inequalities: 0	Chains: |0011000-->1011000|1000000-->1101000|0100000-->1100000-->1110000-->1111000-->1111110-->1111111|
Indexes: 3	Inequalities: 0	Chains: |0011000-->1011000|1000000-->1101000|0100000-->1100000-->1110000-->1111000-->1111110-->1111111|
