Indexes: 1	Inequalities: 0	Chains: |110-->111|
Indexes: 1	Inequalities: 0	Chains: |110-->111|
Indexes: 1	Inequalities: 0	Chains: |110-->111|
Indexes: 1	Inequalities: 0	Chains: |110-->111|
Indexes: 1	Inequalities: 0	Chains: |110-->111|
Indexes: 1	Inequalities: 0	Chains: |110-->111|
