Indexes: 1	Inequalities: 0	Chains: |100000-->111100-->111111|
Indexes: 1	Inequalities: 0	Chains: |100000-->111100-->111111|
Indexes: 5	Inequalities: 4	Chains: |100102|101000-->101002|100000-->110002|110000-->111000-->111102|100100-->101100-->111100-->111111|
Indexes: 5	Inequalities: 4	Chains: |100102|101000-->101002|100000-->110002|110000-->111000-->111102|100100-->101100-->111100-->111111|
Indexes: 1	Inequalities: 0	Chains: |100000-->111100-->111111|
Indexes: 1	Inequalities: 0	Chains: |100000-->111100-->111111|
Indexes: 1	Inequalities: 0	Chains: |100000-->111100-->111111|
Indexes: 5	Inequalities: 4	Chains: |100102|101000-->101002|100000-->110002|110000-->111000-->111102|100100-->101100-->111100-->111111|
Indexes: 5	Inequalities: 4	Chains: |100102|101000-->101002|100000-->110002|110000-->111000-->111102|100100-->101100-->111100-->111111|
Indexes: 1	Inequalities: 0	Chains: |100000-->111100-->111111|
Indexes: 1	Inequalities: 0	Chains: |100000-->111100-->111111|
Indexes: 5	Inequalities: 4	Chains: |100102|101000-->101002|100000-->110002|110000-->111000-->111102|100100-->101100-->111100-->111111|
Indexes: 5	Inequalities: 4	Chains: |100102|101000-->101002|100000-->110002|110000-->111000-->111102|100100-->101100-->111100-->111111|
Indexes: 1	Inequalities: 0	Chains: |02-->11|
Indexes: 5	Inequalities: 4	Chains: |100102|101000-->101002|100000-->110002|110000-->111000-->111102|100100-->101100-->111100-->111111|
Indexes: 5	Inequalities: 4	Chains: |100102|101000-->101002|100000-->110002|110000-->111000-->111102|100100-->101100-->111100-->111111|
Indexes: 5	Inequalities: 4	Chains: |100102|101000-->101002|100000-->110002|110000-->111000-->111102|100100-->101100-->111100-->111111|
Indexes: 5	Inequalities: 4	Chains: |100102|101000-->101002|100000-->110002|110000-->111000-->111102|100100-->101100-->111100-->111111|
Indexes: 5	Inequalities: 4	Chains: |100102|101000-->101002|100000-->110002|110000-->111000-->111102|100100-->101100-->111100-->111111|
Indexes: 5	Inequalities: 4	Chains: |100102|101000-->101002|100000-->110002|110000-->111000-->111102|100100-->101100-->111100-->111111|
Indexes: 5	Inequalities: 4	Chains: |100102|101000-->101002|100000-->110002|110000-->111000-->111102|100100-->101100-->111100-->111111|
