Indexes: 2	Inequalities: 0	Chains: |001|010-->111|
Indexes: 2	Inequalities: 0	Chains: |001|010-->111|
Indexes: 2	Inequalities: 0	Chains: |001|010-->111|
Indexes: 2	Inequalities: 0	Chains: |001|010-->111|
Indexes: 1	Inequalities: 0	Chains: |11|
Indexes: 2	Inequalities: 0	Chains: |001|010-->111|
Indexes: 1	Inequalities: 0	Chains: |11|
Indexes: 2	Inequalities: 0	Chains: |001|010-->111|
Indexes: 1	Inequalities: 0	Chains: |11|
Indexes: 1	Inequalities: 0	Chains: |01-->11|
Indexes: 1	Inequalities: 0	Chains: |01-->11|
Indexes: 2	Inequalities: 0	Chains: |01|10-->11|
Indexes: 1	Inequalities: 0	Chains: |01-->11|
Indexes: 1	Inequalities: 0	Chains: |10-->11|
Indexes: 1	Inequalities: 0	Chains: |01-->11|
Indexes: 1	Inequalities: 0	Chains: |10-->11|
Indexes: 1	Inequalities: 0	Chains: |01-->11|
Indexes: 1	Inequalities: 0	Chains: |10-->11|
Indexes: 1	Inequalities: 0	Chains: |01-->11|
Indexes: 1	Inequalities: 0	Chains: |01-->11|
Indexes: 2	Inequalities: 0	Chains: |001|100-->111|
Indexes: 2	Inequalities: 0	Chains: |001|010-->111|
Indexes: 2	Inequalities: 0	Chains: |001|010-->111|
Indexes: 2	Inequalities: 0	Chains: |001|100-->111|
Indexes: 2	Inequalities: 0	Chains: |01|10-->11|
Indexes: 2	Inequalities: 0	Chains: |001|100-->111|
Indexes: 2	Inequalities: 0	Chains: |001|010-->111|
Indexes: 1	Inequalities: 0	Chains: |11|
Indexes: 2	Inequalities: 0	Chains: |001|100-->111|
Indexes: 2	Inequalities: 0	Chains: |001|010-->111|
Indexes: 1	Inequalities: 0	Chains: |11|
Indexes: 1	Inequalities: 0	Chains: |10-->11|
Indexes: 1	Inequalities: 0	Chains: |10-->11|
Indexes: 1	Inequalities: 0	Chains: |01-->11|
Indexes: 1	Inequalities: 0	Chains: |01-->11|
Indexes: 2	Inequalities: 0	Chains: |001|010-->111|
Indexes: 2	Inequalities: 0	Chains: |001|100-->111|
Indexes: 1	Inequalities: 0	Chains: |10-->11|
Indexes: 1	Inequalities: 0	Chains: |11|
Indexes: 1	Inequalities: 0	Chains: |10-->11|
Indexes: 1	Inequalities: 0	Chains: |11|
Indexes: 1	Inequalities: 0	Chains: |10-->11|
Indexes: 1	Inequalities: 0	Chains: |11|
Indexes: 1	Inequalities: 0	Chains: |10-->11|
Indexes: 1	Inequalities: 0	Chains: |11|
Indexes: 1	Inequalities: 0	Chains: |10-->11|
Indexes: 1	Inequalities: 0	Chains: |11|
Indexes: 1	Inequalities: 0	Chains: |10-->11|
Indexes: 1	Inequalities: 0	Chains: |11|
Indexes: 1	Inequalities: 0	Chains: |10-->11|
Indexes: 1	Inequalities: 0	Chains: |11|
Indexes: 1	Inequalities: 0	Chains: |10-->11|
Indexes: 1	Inequalities: 0	Chains: |11|
Indexes: 1	Inequalities: 0	Chains: |10-->11|
Indexes: 1	Inequalities: 0	Chains: |11|
Indexes: 1	Inequalities: 0	Chains: |01-->11|
Indexes: 1	Inequalities: 0	Chains: |01-->11|
Indexes: 1	Inequalities: 0	Chains: |10-->11|
Indexes: 1	Inequalities: 0	Chains: |10-->11|
Indexes: 1	Inequalities: 0	Chains: |01-->11|
Indexes: 1	Inequalities: 0	Chains: |01-->11|
Indexes: 2	Inequalities: 0	Chains: |01|10-->11|
Indexes: 1	Inequalities: 0	Chains: |01-->11|
Indexes: 1	Inequalities: 0	Chains: |10-->11|
Indexes: 1	Inequalities: 0	Chains: |01-->11|
Indexes: 1	Inequalities: 0	Chains: |10-->11|
Indexes: 1	Inequalities: 0	Chains: |01-->11|
Indexes: 1	Inequalities: 0	Chains: |10-->11|
Indexes: 2	Inequalities: 0	Chains: |01|10-->11|
Indexes: 1	Inequalities: 0	Chains: |01-->11|
Indexes: 1	Inequalities: 0	Chains: |10-->11|
Indexes: 1	Inequalities: 0	Chains: |01-->11|
Indexes: 1	Inequalities: 0	Chains: |10-->11|
Indexes: 1	Inequalities: 0	Chains: |01-->11|
Indexes: 1	Inequalities: 0	Chains: |10-->11|
Indexes: 2	Inequalities: 0	Chains: |01|10-->11|
Indexes: 1	Inequalities: 0	Chains: |01-->11|
Indexes: 1	Inequalities: 0	Chains: |10-->11|
Indexes: 1	Inequalities: 0	Chains: |01-->11|
Indexes: 1	Inequalities: 0	Chains: |10-->11|
Indexes: 1	Inequalities: 0	Chains: |01-->11|
Indexes: 1	Inequalities: 0	Chains: |10-->11|
Indexes: 2	Inequalities: 0	Chains: |01|10-->11|
Indexes: 1	Inequalities: 0	Chains: |01-->11|
Indexes: 1	Inequalities: 0	Chains: |11|
Indexes: 1	Inequalities: 0	Chains: |01-->11|
Indexes: 1	Inequalities: 0	Chains: |11|
Indexes: 1	Inequalities: 0	Chains: |01-->11|
Indexes: 1	Inequalities: 0	Chains: |11|
Indexes: 2	Inequalities: 0	Chains: |01|10-->11|
Indexes: 1	Inequalities: 0	Chains: |01-->11|
Indexes: 1	Inequalities: 0	Chains: |11|
Indexes: 1	Inequalities: 0	Chains: |01-->11|
Indexes: 1	Inequalities: 0	Chains: |11|
Indexes: 1	Inequalities: 0	Chains: |01-->11|
Indexes: 1	Inequalities: 0	Chains: |11|
Indexes: 2	Inequalities: 0	Chains: |01|10-->11|
Indexes: 1	Inequalities: 0	Chains: |01-->11|
Indexes: 1	Inequalities: 0	Chains: |11|
Indexes: 1	Inequalities: 0	Chains: |01-->11|
Indexes: 1	Inequalities: 0	Chains: |11|
Indexes: 1	Inequalities: 0	Chains: |01-->11|
Indexes: 1	Inequalities: 0	Chains: |11|
Indexes: 2	Inequalities: 0	Chains: |01|10-->11|
Indexes: 2	Inequalities: 0	Chains: |001|010-->111|
Indexes: 2	Inequalities: 0	Chains: |001|100-->111|
Indexes: 1	Inequalities: 0	Chains: |11|
Indexes: 2	Inequalities: 0	Chains: |001|010-->111|
Indexes: 2	Inequalities: 0	Chains: |001|100-->111|
Indexes: 1	Inequalities: 0	Chains: |11|
Indexes: 2	Inequalities: 0	Chains: |01|10-->11|
Indexes: 2	Inequalities: 0	Chains: |001|010-->111|
Indexes: 2	Inequalities: 0	Chains: |001|100-->111|
Indexes: 1	Inequalities: 0	Chains: |11|
Indexes: 2	Inequalities: 0	Chains: |001|010-->111|
Indexes: 2	Inequalities: 0	Chains: |001|100-->111|
Indexes: 1	Inequalities: 0	Chains: |11|
Indexes: 2	Inequalities: 0	Chains: |01|10-->11|
Indexes: 2	Inequalities: 0	Chains: |001|010-->111|
Indexes: 2	Inequalities: 0	Chains: |001|100-->111|
Indexes: 1	Inequalities: 0	Chains: |11|
Indexes: 2	Inequalities: 0	Chains: |001|010-->111|
Indexes: 2	Inequalities: 0	Chains: |001|100-->111|
Indexes: 1	Inequalities: 0	Chains: |11|
Indexes: 1	Inequalities: 0	Chains: |10-->11|
Indexes: 1	Inequalities: 0	Chains: |10-->11|
Indexes: 1	Inequalities: 0	Chains: |10-->11|
Indexes: 1	Inequalities: 0	Chains: |10-->11|
Indexes: 1	Inequalities: 0	Chains: |01-->11|
Indexes: 1	Inequalities: 0	Chains: |01-->11|
Indexes: 2	Inequalities: 0	Chains: |001|010-->111|
Indexes: 2	Inequalities: 0	Chains: |001|100-->111|
Indexes: 1	Inequalities: 0	Chains: |10-->11|
Indexes: 1	Inequalities: 0	Chains: |10-->11|
Indexes: 1	Inequalities: 0	Chains: |01-->11|
Indexes: 1	Inequalities: 0	Chains: |01-->11|
Indexes: 1	Inequalities: 0	Chains: |01-->11|
