Indexes: 1	Inequalities: 0	Chains: |100-->111|
Indexes: 1	Inequalities: 1	Chains: |11-->12|
Indexes: 1	Inequalities: 0	Chains: |100-->111|
Indexes: 1	Inequalities: 1	Chains: |11-->12|
Indexes: 1	Inequalities: 0	Chains: |101-->111|
Indexes: 1	Inequalities: 0	Chains: |110-->111|
Indexes: 1	Inequalities: 0	Chains: |110-->111|
Indexes: 1	Inequalities: 0	Chains: |100-->101-->102-->111|
Indexes: 1	Inequalities: 0	Chains: |100-->101-->102-->111|
Indexes: 1	Inequalities: 0	Chains: |010-->111|
Indexes: 1	Inequalities: 0	Chains: |1100-->1111|
Indexes: 1	Inequalities: 0	Chains: |100-->101-->102-->111|
Indexes: 1	Inequalities: 0	Chains: |100-->101-->102-->111|
Indexes: 1	Inequalities: 0	Chains: |010-->111|
Indexes: 1	Inequalities: 0	Chains: |1100-->1111|
Indexes: 1	Inequalities: 0	Chains: |100-->101-->102-->111|
Indexes: 1	Inequalities: 0	Chains: |100-->101-->102-->111|
Indexes: 1	Inequalities: 0	Chains: |010-->111|
Indexes: 1	Inequalities: 0	Chains: |1100-->1111|
Indexes: 1	Inequalities: 0	Chains: |100-->101-->102-->111|
Indexes: 1	Inequalities: 0	Chains: |100-->101-->102-->111|
Indexes: 1	Inequalities: 0	Chains: |010-->111|
Indexes: 1	Inequalities: 0	Chains: |1100-->1111|
Indexes: 1	Inequalities: 0	Chains: |100-->101-->102-->111|
Indexes: 1	Inequalities: 0	Chains: |100-->101-->102-->111|
Indexes: 1	Inequalities: 0	Chains: |010-->111|
Indexes: 1	Inequalities: 0	Chains: |1100-->1111|
Indexes: 1	Inequalities: 0	Chains: |10-->11|
Indexes: 1	Inequalities: 0	Chains: |10-->11|
Indexes: 1	Inequalities: 0	Chains: |10-->11|
Indexes: 1	Inequalities: 0	Chains: |10-->11|
Indexes: 1	Inequalities: 0	Chains: |1|
Indexes: 1	Inequalities: 0	Chains: |10-->11|
Indexes: 1	Inequalities: 0	Chains: |10-->11|
Indexes: 1	Inequalities: 0	Chains: |10-->11|
Indexes: 1	Inequalities: 0	Chains: |110-->111|
Indexes: 1	Inequalities: 0	Chains: |10-->11|
Indexes: 1	Inequalities: 0	Chains: |110-->111|
Indexes: 1	Inequalities: 0	Chains: |10-->11|
Indexes: 1	Inequalities: 0	Chains: |110-->111|
Indexes: 1	Inequalities: 0	Chains: |10-->11|
Indexes: 1	Inequalities: 0	Chains: |110-->111|
Indexes: 1	Inequalities: 0	Chains: |10-->11|
Indexes: 1	Inequalities: 0	Chains: |110-->111|
Indexes: 1	Inequalities: 0	Chains: |10-->11|
Indexes: 1	Inequalities: 0	Chains: |110-->111|
Indexes: 1	Inequalities: 0	Chains: |110-->111|
Indexes: 1	Inequalities: 0	Chains: |110-->111|
Indexes: 1	Inequalities: 0	Chains: |100-->101-->102-->111|
Indexes: 1	Inequalities: 0	Chains: |100-->101-->102-->111|
Indexes: 1	Inequalities: 0	Chains: |010-->111|
Indexes: 1	Inequalities: 0	Chains: |100-->101-->102-->111|
Indexes: 1	Inequalities: 0	Chains: |100-->101-->102-->111|
Indexes: 1	Inequalities: 0	Chains: |010-->111|
Indexes: 1	Inequalities: 0	Chains: |100-->101-->102-->111|
Indexes: 1	Inequalities: 0	Chains: |100-->101-->102-->111|
Indexes: 1	Inequalities: 0	Chains: |010-->111|
Indexes: 1	Inequalities: 0	Chains: |100-->101-->102-->111|
Indexes: 1	Inequalities: 0	Chains: |100-->101-->102-->111|
Indexes: 1	Inequalities: 0	Chains: |010-->111|
Indexes: 1	Inequalities: 0	Chains: |100-->101-->102-->111|
Indexes: 1	Inequalities: 0	Chains: |100-->101-->102-->111|
Indexes: 1	Inequalities: 0	Chains: |010-->111|
Indexes: 1	Inequalities: 0	Chains: |1100-->1111|
Indexes: 1	Inequalities: 0	Chains: |110-->111|
Indexes: 1	Inequalities: 0	Chains: |100-->101-->102-->111|
Indexes: 1	Inequalities: 0	Chains: |100-->101-->102-->111|
Indexes: 1	Inequalities: 0	Chains: |010-->111|
Indexes: 1	Inequalities: 0	Chains: |1100-->1111|
Indexes: 1	Inequalities: 0	Chains: |110-->111|
Indexes: 1	Inequalities: 0	Chains: |100-->101-->102-->111|
Indexes: 1	Inequalities: 0	Chains: |100-->101-->102-->111|
Indexes: 1	Inequalities: 0	Chains: |010-->111|
Indexes: 1	Inequalities: 0	Chains: |1100-->1111|
Indexes: 1	Inequalities: 0	Chains: |110-->111|
Indexes: 1	Inequalities: 0	Chains: |100-->101-->102-->111|
Indexes: 1	Inequalities: 0	Chains: |100-->101-->102-->111|
Indexes: 1	Inequalities: 0	Chains: |010-->111|
Indexes: 1	Inequalities: 0	Chains: |1100-->1111|
Indexes: 1	Inequalities: 0	Chains: |110-->111|
Indexes: 1	Inequalities: 0	Chains: |100-->101-->102-->111|
Indexes: 1	Inequalities: 0	Chains: |100-->101-->102-->111|
Indexes: 1	Inequalities: 0	Chains: |010-->111|
Indexes: 1	Inequalities: 0	Chains: |1100-->1111|
Indexes: 1	Inequalities: 0	Chains: |110-->111|
Indexes: 1	Inequalities: 0	Chains: |100-->101-->102-->111|
Indexes: 1	Inequalities: 0	Chains: |100-->101-->102-->111|
Indexes: 1	Inequalities: 0	Chains: |010-->111|
Indexes: 1	Inequalities: 0	Chains: |1100-->1111|
Indexes: 1	Inequalities: 0	Chains: |110-->111|
Indexes: 2	Inequalities: 0	Chains: |01|10-->11|
Indexes: 2	Inequalities: 0	Chains: |01|10-->11|
Indexes: 1	Inequalities: 0	Chains: |110-->111|
Indexes: 1	Inequalities: 0	Chains: |110-->111|
Indexes: 1	Inequalities: 0	Chains: |100-->101-->102-->111|
Indexes: 1	Inequalities: 0	Chains: |100-->101-->102-->111|
Indexes: 1	Inequalities: 0	Chains: |100-->101-->102-->111|
Indexes: 1	Inequalities: 0	Chains: |100-->101-->102-->111|
Indexes: 1	Inequalities: 0	Chains: |100-->101-->102-->111|
Indexes: 1	Inequalities: 0	Chains: |100-->101-->102-->111|
Indexes: 1	Inequalities: 0	Chains: |100-->101-->102-->111|
Indexes: 1	Inequalities: 0	Chains: |100-->101-->102-->111|
Indexes: 1	Inequalities: 0	Chains: |100-->101-->102-->111|
Indexes: 1	Inequalities: 0	Chains: |100-->101-->102-->111|
Indexes: 1	Inequalities: 0	Chains: |100-->101-->102-->111|
Indexes: 1	Inequalities: 0	Chains: |100-->101-->102-->111|
Indexes: 1	Inequalities: 0	Chains: |01-->11|
Indexes: 1	Inequalities: 0	Chains: |010-->111|
Indexes: 1	Inequalities: 0	Chains: |010-->111|
Indexes: 1	Inequalities: 0	Chains: |110-->111|
Indexes: 1	Inequalities: 0	Chains: |110-->111|
Indexes: 1	Inequalities: 0	Chains: |110-->111|
Indexes: 1	Inequalities: 0	Chains: |1|
Indexes: 1	Inequalities: 0	Chains: |100-->101-->102-->111|
Indexes: 1	Inequalities: 0	Chains: |100-->101-->102-->111|
Indexes: 1	Inequalities: 0	Chains: |100-->101-->102-->111|
Indexes: 1	Inequalities: 0	Chains: |100-->101-->102-->111|
Indexes: 1	Inequalities: 0	Chains: |100-->101-->102-->111|
Indexes: 1	Inequalities: 0	Chains: |100-->101-->102-->111|
Indexes: 1	Inequalities: 0	Chains: |100-->101-->102-->111|
Indexes: 1	Inequalities: 0	Chains: |100-->101-->102-->111|
Indexes: 1	Inequalities: 0	Chains: |010-->111|
Indexes: 1	Inequalities: 0	Chains: |100-->101-->102-->111|
Indexes: 1	Inequalities: 0	Chains: |100-->101-->102-->111|
Indexes: 1	Inequalities: 0	Chains: |010-->111|
Indexes: 1	Inequalities: 0	Chains: |100-->101-->102-->111|
Indexes: 1	Inequalities: 0	Chains: |100-->101-->102-->111|
Indexes: 1	Inequalities: 0	Chains: |010-->111|
Indexes: 1	Inequalities: 0	Chains: |100-->101-->102-->111|
Indexes: 1	Inequalities: 0	Chains: |100-->101-->102-->111|
Indexes: 1	Inequalities: 0	Chains: |010-->111|
Indexes: 1	Inequalities: 0	Chains: |100-->101-->102-->111|
Indexes: 1	Inequalities: 0	Chains: |100-->101-->102-->111|
Indexes: 1	Inequalities: 0	Chains: |100-->101-->102-->111|
Indexes: 1	Inequalities: 0	Chains: |100-->101-->102-->111|
Indexes: 1	Inequalities: 0	Chains: |010-->111|
Indexes: 1	Inequalities: 0	Chains: |1100-->1111|
Indexes: 1	Inequalities: 0	Chains: |110-->111|
Indexes: 1	Inequalities: 0	Chains: |10-->11|
Indexes: 1	Inequalities: 0	Chains: |100-->101-->102-->111|
Indexes: 1	Inequalities: 0	Chains: |100-->101-->102-->111|
Indexes: 1	Inequalities: 0	Chains: |010-->111|
Indexes: 1	Inequalities: 0	Chains: |1100-->1111|
Indexes: 1	Inequalities: 0	Chains: |110-->111|
Indexes: 1	Inequalities: 0	Chains: |10-->11|
Indexes: 1	Inequalities: 0	Chains: |100-->101-->102-->111|
Indexes: 1	Inequalities: 0	Chains: |100-->101-->102-->111|
Indexes: 1	Inequalities: 0	Chains: |010-->111|
Indexes: 1	Inequalities: 0	Chains: |1100-->1111|
Indexes: 1	Inequalities: 0	Chains: |110-->111|
Indexes: 1	Inequalities: 0	Chains: |10-->11|
Indexes: 1	Inequalities: 0	Chains: |100-->101-->102-->111|
Indexes: 1	Inequalities: 0	Chains: |100-->101-->102-->111|
Indexes: 1	Inequalities: 0	Chains: |010-->111|
Indexes: 1	Inequalities: 0	Chains: |1100-->1111|
Indexes: 1	Inequalities: 0	Chains: |110-->111|
Indexes: 1	Inequalities: 0	Chains: |10-->11|
Indexes: 1	Inequalities: 0	Chains: |100-->101-->102-->111|
Indexes: 1	Inequalities: 0	Chains: |100-->101-->102-->111|
Indexes: 1	Inequalities: 0	Chains: |010-->111|
Indexes: 1	Inequalities: 0	Chains: |1100-->1111|
Indexes: 1	Inequalities: 0	Chains: |110-->111|
Indexes: 1	Inequalities: 0	Chains: |10-->11|
Indexes: 1	Inequalities: 0	Chains: |100-->101-->102-->111|
Indexes: 1	Inequalities: 0	Chains: |100-->101-->102-->111|
Indexes: 1	Inequalities: 0	Chains: |010-->111|
Indexes: 1	Inequalities: 0	Chains: |1100-->1111|
Indexes: 1	Inequalities: 0	Chains: |110-->111|
Indexes: 1	Inequalities: 0	Chains: |10-->11|
Indexes: 1	Inequalities: 0	Chains: |100-->101-->102-->111|
Indexes: 1	Inequalities: 0	Chains: |100-->101-->102-->111|
Indexes: 1	Inequalities: 0	Chains: |010-->111|
Indexes: 1	Inequalities: 0	Chains: |1100-->1111|
Indexes: 1	Inequalities: 0	Chains: |110-->111|
Indexes: 1	Inequalities: 0	Chains: |10-->11|
Indexes: 1	Inequalities: 0	Chains: |100-->101-->102-->111|
Indexes: 1	Inequalities: 0	Chains: |100-->101-->102-->111|
Indexes: 1	Inequalities: 0	Chains: |100-->101-->102-->111|
Indexes: 1	Inequalities: 0	Chains: |100-->101-->102-->111|
Indexes: 1	Inequalities: 0	Chains: |100-->101-->102-->111|
Indexes: 1	Inequalities: 0	Chains: |100-->101-->102-->111|
Indexes: 1	Inequalities: 0	Chains: |100-->101-->102-->111|
Indexes: 1	Inequalities: 0	Chains: |100-->101-->102-->111|
Indexes: 1	Inequalities: 0	Chains: |010-->111|
Indexes: 1	Inequalities: 0	Chains: |1100-->1111|
Indexes: 1	Inequalities: 0	Chains: |110-->111|
Indexes: 1	Inequalities: 0	Chains: |10-->11|
Indexes: 1	Inequalities: 0	Chains: |110-->111|
Indexes: 1	Inequalities: 0	Chains: |100-->101-->102-->111|
Indexes: 1	Inequalities: 0	Chains: |100-->101-->102-->111|
Indexes: 1	Inequalities: 0	Chains: |010-->111|
Indexes: 1	Inequalities: 0	Chains: |1100-->1111|
Indexes: 1	Inequalities: 0	Chains: |110-->111|
Indexes: 1	Inequalities: 0	Chains: |10-->11|
Indexes: 1	Inequalities: 0	Chains: |110-->111|
Indexes: 1	Inequalities: 0	Chains: |100-->101-->102-->111|
Indexes: 1	Inequalities: 0	Chains: |100-->101-->102-->111|
Indexes: 1	Inequalities: 0	Chains: |010-->111|
Indexes: 1	Inequalities: 0	Chains: |1100-->1111|
Indexes: 1	Inequalities: 0	Chains: |110-->111|
Indexes: 1	Inequalities: 0	Chains: |10-->11|
Indexes: 1	Inequalities: 0	Chains: |110-->111|
Indexes: 1	Inequalities: 0	Chains: |100-->101-->102-->111|
Indexes: 1	Inequalities: 0	Chains: |100-->101-->102-->111|
Indexes: 1	Inequalities: 0	Chains: |010-->111|
Indexes: 1	Inequalities: 0	Chains: |1100-->1111|
Indexes: 1	Inequalities: 0	Chains: |110-->111|
Indexes: 1	Inequalities: 0	Chains: |10-->11|
Indexes: 1	Inequalities: 0	Chains: |110-->111|
Indexes: 1	Inequalities: 0	Chains: |100-->101-->102-->111|
Indexes: 1	Inequalities: 0	Chains: |100-->101-->102-->111|
Indexes: 1	Inequalities: 0	Chains: |010-->111|
Indexes: 1	Inequalities: 0	Chains: |1100-->1111|
Indexes: 1	Inequalities: 0	Chains: |110-->111|
Indexes: 1	Inequalities: 0	Chains: |10-->11|
Indexes: 1	Inequalities: 0	Chains: |110-->111|
Indexes: 1	Inequalities: 0	Chains: |100-->101-->102-->111|
Indexes: 1	Inequalities: 0	Chains: |100-->101-->102-->111|
Indexes: 1	Inequalities: 0	Chains: |010-->111|
Indexes: 1	Inequalities: 0	Chains: |1100-->1111|
Indexes: 1	Inequalities: 0	Chains: |110-->111|
Indexes: 1	Inequalities: 0	Chains: |10-->11|
Indexes: 1	Inequalities: 0	Chains: |110-->111|
Indexes: 1	Inequalities: 0	Chains: |100-->101-->102-->111|
Indexes: 1	Inequalities: 0	Chains: |100-->101-->102-->111|
Indexes: 1	Inequalities: 0	Chains: |010-->111|
Indexes: 1	Inequalities: 0	Chains: |1100-->1111|
Indexes: 1	Inequalities: 0	Chains: |110-->111|
Indexes: 1	Inequalities: 0	Chains: |10-->11|
Indexes: 1	Inequalities: 0	Chains: |110-->111|
Indexes: 1	Inequalities: 0	Chains: |100-->101-->102-->111|
Indexes: 1	Inequalities: 0	Chains: |100-->101-->102-->111|
Indexes: 1	Inequalities: 0	Chains: |010-->111|
Indexes: 1	Inequalities: 0	Chains: |1100-->1111|
Indexes: 1	Inequalities: 0	Chains: |110-->111|
Indexes: 1	Inequalities: 0	Chains: |10-->11|
Indexes: 1	Inequalities: 0	Chains: |110-->111|
Indexes: 1	Inequalities: 0	Chains: |100-->101-->102-->111|
Indexes: 1	Inequalities: 0	Chains: |110-->111|
Indexes: 1	Inequalities: 0	Chains: |100-->101-->102-->111|
Indexes: 1	Inequalities: 0	Chains: |110-->111|
Indexes: 1	Inequalities: 0	Chains: |100-->101-->102-->111|
Indexes: 1	Inequalities: 0	Chains: |110-->111|
Indexes: 1	Inequalities: 0	Chains: |100-->101-->102-->111|
Indexes: 1	Inequalities: 0	Chains: |100-->101-->102-->111|
Indexes: 1	Inequalities: 0	Chains: |010-->111|
Indexes: 1	Inequalities: 0	Chains: |10-->11|
Indexes: 1	Inequalities: 0	Chains: |100-->101-->102-->111|
Indexes: 1	Inequalities: 0	Chains: |100-->101-->102-->111|
Indexes: 1	Inequalities: 0	Chains: |010-->111|
Indexes: 1	Inequalities: 0	Chains: |10-->11|
Indexes: 1	Inequalities: 0	Chains: |100-->101-->102-->111|
Indexes: 1	Inequalities: 0	Chains: |100-->101-->102-->111|
Indexes: 1	Inequalities: 0	Chains: |010-->111|
Indexes: 1	Inequalities: 0	Chains: |10-->11|
Indexes: 1	Inequalities: 0	Chains: |100-->101-->102-->111|
Indexes: 1	Inequalities: 0	Chains: |100-->101-->102-->111|
Indexes: 1	Inequalities: 0	Chains: |010-->111|
Indexes: 1	Inequalities: 0	Chains: |10-->11|
Indexes: 1	Inequalities: 0	Chains: |100-->101-->102-->111|
Indexes: 1	Inequalities: 0	Chains: |100-->101-->102-->111|
Indexes: 1	Inequalities: 0	Chains: |010-->111|
Indexes: 1	Inequalities: 0	Chains: |10-->11|
Indexes: 1	Inequalities: 0	Chains: |100-->101-->102-->111|
Indexes: 1	Inequalities: 0	Chains: |110-->111|
Indexes: 1	Inequalities: 0	Chains: |110-->111|
Indexes: 1	Inequalities: 0	Chains: |100-->101-->102-->111|
Indexes: 1	Inequalities: 0	Chains: |110-->111|
Indexes: 1	Inequalities: 0	Chains: |110-->111|
Indexes: 1	Inequalities: 0	Chains: |100-->101-->102-->111|
Indexes: 1	Inequalities: 0	Chains: |110-->111|
Indexes: 1	Inequalities: 0	Chains: |110-->111|
Indexes: 1	Inequalities: 0	Chains: |100-->101-->102-->111|
Indexes: 1	Inequalities: 0	Chains: |110-->111|
Indexes: 1	Inequalities: 0	Chains: |110-->111|
Indexes: 1	Inequalities: 0	Chains: |110-->111|
Indexes: 1	Inequalities: 0	Chains: |110-->111|
Indexes: 1	Inequalities: 0	Chains: |110-->111|
Indexes: 1	Inequalities: 0	Chains: |100-->101-->102-->111|
Indexes: 1	Inequalities: 0	Chains: |01-->02-->11|
Indexes: 1	Inequalities: 0	Chains: |01-->02-->11|
