[[null],
[[1, null]],
[[2, [3, null]]]]
[{"x": null},
{"x": {"head": 1, "tail": null}},
{"x": {"head": 2, "tail": {"head": 3, "tail": null}}}]
[[1, [1, [2, [3, null]]]],
[4, null]]
[{"a": 1, "b": {"x": 1, "y": {"x": 2, "y": {"x": 3, "y": null}}}},
{"a": 4, "b": null}]
