Indexes: 1	Inequalities: 0	Chains: |001000-->111111|
Indexes: 1	Inequalities: 0	Chains: |100-->111|
