Indexes: 2	Inequalities: 0	Chains: |01|10-->11|
Indexes: 2	Inequalities: 0	Chains: |01|10-->11|
Indexes: 1	Inequalities: 0	Chains: |11|
Indexes: 1	Inequalities: 0	Chains: |11|
Indexes: 1	Inequalities: 0	Chains: |11|
Indexes: 1	Inequalities: 0	Chains: |11|
Indexes: 1	Inequalities: 0	Chains: |11|
Indexes: 1	Inequalities: 0	Chains: |11|
Indexes: 1	Inequalities: 0	Chains: |11|
Indexes: 1	Inequalities: 0	Chains: |11|
Indexes: 1	Inequalities: 0	Chains: |11|
Indexes: 1	Inequalities: 0	Chains: |11|
Indexes: 1	Inequalities: 0	Chains: |11|
Indexes: 1	Inequalities: 0	Chains: |11|
Indexes: 1	Inequalities: 0	Chains: |11|
Indexes: 1	Inequalities: 0	Chains: |11|
Indexes: 1	Inequalities: 0	Chains: |11|
Indexes: 1	Inequalities: 0	Chains: |11|
Indexes: 1	Inequalities: 0	Chains: |11|
Indexes: 1	Inequalities: 0	Chains: |11|
Indexes: 1	Inequalities: 0	Chains: |11|
Indexes: 1	Inequalities: 0	Chains: |11|
Indexes: 1	Inequalities: 0	Chains: |11|
