Indexes: 1	Inequalities: 0	Chains: |001-->101-->201-->111|
Indexes: 1	Inequalities: 0	Chains: |10100-->10101-->11111|
Indexes: 1	Inequalities: 0	Chains: |001-->101-->201-->111|
Indexes: 1	Inequalities: 0	Chains: |10100-->10101-->11111|
Indexes: 1	Inequalities: 0	Chains: |001-->101-->201-->111|
Indexes: 1	Inequalities: 0	Chains: |001-->101-->201-->111|
Indexes: 2	Inequalities: 1	Chains: |020|002-->111|
Indexes: 2	Inequalities: 1	Chains: |020|002-->111|
Indexes: 2	Inequalities: 1	Chains: |020|002-->111|
Indexes: 2	Inequalities: 1	Chains: |020|002-->111|
Indexes: 1	Inequalities: 0	Chains: |001-->101-->201-->111|
Indexes: 1	Inequalities: 0	Chains: |10100-->10101-->11111|
Indexes: 1	Inequalities: 0	Chains: |001-->101-->201-->111|
Indexes: 1	Inequalities: 0	Chains: |10100-->10101-->11111|
Indexes: 1	Inequalities: 0	Chains: |001-->101-->201-->111|
Indexes: 1	Inequalities: 0	Chains: |10100-->10101-->11111|
Indexes: 1	Inequalities: 0	Chains: |001-->101-->201-->111|
Indexes: 1	Inequalities: 0	Chains: |10100-->10101-->11111|
Indexes: 1	Inequalities: 0	Chains: |001-->101-->201-->111|
Indexes: 1	Inequalities: 0	Chains: |001-->101-->201-->111|
Indexes: 1	Inequalities: 0	Chains: |001-->101-->201-->111|
Indexes: 1	Inequalities: 0	Chains: |001-->101-->201-->111|
Indexes: 1	Inequalities: 0	Chains: |001-->101-->201-->111|
Indexes: 1	Inequalities: 0	Chains: |001-->101-->201-->111|
