Indexes: 1	Inequalities: 0	Chains: |01-->02-->11|
Indexes: 1	Inequalities: 0	Chains: |01-->02-->11|
Indexes: 1	Inequalities: 0	Chains: |01-->02-->11|
Indexes: 1	Inequalities: 0	Chains: |01-->02-->11|
