Indexes: 1	Inequalities: 0	Chains: |01-->11|
Indexes: 1	Inequalities: 1	Chains: |1-->2|
Indexes: 1	Inequalities: 0	Chains: |0100-->1111|
Indexes: 1	Inequalities: 0	Chains: |0100-->1111|
Indexes: 1	Inequalities: 0	Chains: |0100-->1111|
Indexes: 1	Inequalities: 0	Chains: |10-->11|
Indexes: 1	Inequalities: 0	Chains: |10-->11|
Indexes: 1	Inequalities: 0	Chains: |0100-->1111|
Indexes: 1	Inequalities: 0	Chains: |10-->11|
Indexes: 1	Inequalities: 0	Chains: |10-->11|
Indexes: 1	Inequalities: 0	Chains: |10-->11|
Indexes: 1	Inequalities: 0	Chains: |100-->110-->111|
Indexes: 1	Inequalities: 0	Chains: |100-->110-->111|
Indexes: 1	Inequalities: 0	Chains: |0100-->1111|
Indexes: 1	Inequalities: 0	Chains: |10-->11|
Indexes: 1	Inequalities: 0	Chains: |10-->11|
Indexes: 1	Inequalities: 0	Chains: |100-->110-->111|
Indexes: 1	Inequalities: 0	Chains: |0100-->1111|
Indexes: 1	Inequalities: 0	Chains: |10-->11|
Indexes: 1	Inequalities: 0	Chains: |10-->11|
Indexes: 1	Inequalities: 0	Chains: |100-->110-->111|
Indexes: 1	Inequalities: 0	Chains: |0100-->1111|
Indexes: 1	Inequalities: 0	Chains: |10-->11|
Indexes: 1	Inequalities: 0	Chains: |10-->11|
Indexes: 1	Inequalities: 0	Chains: |100-->110-->111|
Indexes: 1	Inequalities: 0	Chains: |10-->11|
Indexes: 1	Inequalities: 1	Chains: |1-->2|
Indexes: 1	Inequalities: 0	Chains: |10-->11|
