Indexes: 1	Inequalities: 0	Chains: |1000-->1111|
Indexes: 1	Inequalities: 0	Chains: |1000-->1111|
Indexes: 1	Inequalities: 0	Chains: |1000-->1111|
Indexes: 1	Inequalities: 0	Chains: |1000-->1111|
Indexes: 1	Inequalities: 0	Chains: |1000-->1111|
Indexes: 1	Inequalities: 0	Chains: |1000-->1111|
Indexes: 1	Inequalities: 0	Chains: |1000-->1111|
Indexes: 1	Inequalities: 0	Chains: |1000-->1111|
Indexes: 1	Inequalities: 0	Chains: |1000-->1111|
Indexes: 1	Inequalities: 0	Chains: |1000-->1111|
Indexes: 1	Inequalities: 0	Chains: |1000-->1111|
Indexes: 1	Inequalities: 0	Chains: |1000-->1111|
Indexes: 1	Inequalities: 0	Chains: |1000-->1111|
