Indexes: 1	Inequalities: 0	Chains: |01000000000-->11111111111|
Indexes: 1	Inequalities: 0	Chains: |111111100-->111111101-->111111111|
Indexes: 1	Inequalities: 0	Chains: |1100-->1101-->1111|
Indexes: 2	Inequalities: 0	Chains: |01000000100|01000000000-->11111110000-->11111111111|
