Indexes: 2	Inequalities: 1	Chains: |1002|0100-->1100-->1102-->1111|
Indexes: 1	Inequalities: 0	Chains: |1100-->1111|
Indexes: 2	Inequalities: 1	Chains: |1002|0100-->1100-->1102-->1111|
Indexes: 2	Inequalities: 1	Chains: |1002|0100-->1100-->1102-->1111|
Indexes: 2	Inequalities: 1	Chains: |1002|0100-->1100-->1102-->1111|
Indexes: 2	Inequalities: 1	Chains: |1002|0100-->1100-->1102-->1111|
Indexes: 1	Inequalities: 0	Chains: |1100-->1102-->1111|
