Indexes: 1	Inequalities: 0	Chains: |10000000-->11110000-->11111111|
Indexes: 1	Inequalities: 0	Chains: |10000000-->11110000-->11111111|
Indexes: 5	Inequalities: 0	Chains: |10010000-->10010100|10100100|10100000-->10110000|10000000-->11000100|11000000-->11100000-->11110000-->11110100-->11111111|
Indexes: 5	Inequalities: 0	Chains: |10010000-->10010100|10100100|10100000-->10110000|10000000-->11000100|11000000-->11100000-->11110000-->11110100-->11111111|
Indexes: 1	Inequalities: 0	Chains: |10000000-->11110000-->11111111|
Indexes: 1	Inequalities: 0	Chains: |10000000-->11110000-->11111111|
Indexes: 1	Inequalities: 0	Chains: |10000000-->11110000-->11111111|
Indexes: 5	Inequalities: 0	Chains: |10010000-->10010100|10100100|10100000-->10110000|10000000-->11000100|11000000-->11100000-->11110000-->11110100-->11111111|
Indexes: 5	Inequalities: 0	Chains: |10010000-->10010100|10100100|10100000-->10110000|10000000-->11000100|11000000-->11100000-->11110000-->11110100-->11111111|
Indexes: 1	Inequalities: 0	Chains: |10000000-->11110000-->11111111|
Indexes: 1	Inequalities: 0	Chains: |10000000-->11110000-->11111111|
Indexes: 5	Inequalities: 0	Chains: |10010000-->10010100|10100100|10100000-->10110000|10000000-->11000100|11000000-->11100000-->11110000-->11110100-->11111111|
Indexes: 5	Inequalities: 0	Chains: |10010000-->10010100|10100100|10100000-->10110000|10000000-->11000100|11000000-->11100000-->11110000-->11110100-->11111111|
Indexes: 1	Inequalities: 0	Chains: |010-->111|
Indexes: 5	Inequalities: 0	Chains: |10010000-->10010100|10100100|10100000-->10110000|10000000-->11000100|11000000-->11100000-->11110000-->11110100-->11111111|
Indexes: 5	Inequalities: 0	Chains: |10010000-->10010100|10100100|10100000-->10110000|10000000-->11000100|11000000-->11100000-->11110000-->11110100-->11111111|
Indexes: 5	Inequalities: 0	Chains: |10010000-->10010100|10100100|10100000-->10110000|10000000-->11000100|11000000-->11100000-->11110000-->11110100-->11111111|
Indexes: 5	Inequalities: 0	Chains: |10010000-->10010100|10100100|10100000-->10110000|10000000-->11000100|11000000-->11100000-->11110000-->11110100-->11111111|
Indexes: 5	Inequalities: 0	Chains: |10010000-->10010100|10100100|10100000-->10110000|10000000-->11000100|11000000-->11100000-->11110000-->11110100-->11111111|
Indexes: 5	Inequalities: 0	Chains: |10010000-->10010100|10100100|10100000-->10110000|10000000-->11000100|11000000-->11100000-->11110000-->11110100-->11111111|
Indexes: 5	Inequalities: 0	Chains: |10010000-->10010100|10100100|10100000-->10110000|10000000-->11000100|11000000-->11100000-->11110000-->11110100-->11111111|
