Indexes: 1	Inequalities: 0	Chains: |100000-->111111|
