Indexes: 1	Inequalities: 0	Chains: |010-->111|
Indexes: 2	Inequalities: 0	Chains: |00010|00001-->01001-->11111|
Indexes: 1	Inequalities: 0	Chains: |010-->111|
Indexes: 2	Inequalities: 0	Chains: |00010|00001-->01001-->11111|
Indexes: 1	Inequalities: 0	Chains: |010-->111|
Indexes: 2	Inequalities: 0	Chains: |00010|00001-->01001-->11111|
Indexes: 1	Inequalities: 0	Chains: |010-->111|
Indexes: 2	Inequalities: 0	Chains: |00010|00001-->01001-->11111|
Indexes: 1	Inequalities: 0	Chains: |010-->111|
Indexes: 2	Inequalities: 0	Chains: |00010|00001-->01001-->11111|
Indexes: 1	Inequalities: 0	Chains: |010-->111|
Indexes: 2	Inequalities: 0	Chains: |00010|00001-->01001-->11111|
Indexes: 1	Inequalities: 0	Chains: |010-->111|
Indexes: 2	Inequalities: 0	Chains: |00010|00001-->01001-->11111|
Indexes: 1	Inequalities: 0	Chains: |010-->111|
Indexes: 2	Inequalities: 0	Chains: |00010|00001-->01001-->11111|
Indexes: 1	Inequalities: 0	Chains: |010-->111|
Indexes: 2	Inequalities: 0	Chains: |00010|00001-->01001-->11111|
Indexes: 1	Inequalities: 0	Chains: |010-->111|
Indexes: 2	Inequalities: 0	Chains: |00010|00001-->01001-->11111|
Indexes: 1	Inequalities: 0	Chains: |010-->111|
Indexes: 2	Inequalities: 0	Chains: |00010|00001-->01001-->11111|
Indexes: 1	Inequalities: 0	Chains: |010-->111|
Indexes: 2	Inequalities: 0	Chains: |00010|00001-->01001-->11111|
Indexes: 1	Inequalities: 0	Chains: |010-->111|
Indexes: 2	Inequalities: 0	Chains: |00010|00001-->01001-->11111|
Indexes: 1	Inequalities: 0	Chains: |010-->111|
Indexes: 2	Inequalities: 0	Chains: |00010|00001-->01001-->11111|
Indexes: 1	Inequalities: 0	Chains: |010-->111|
Indexes: 2	Inequalities: 0	Chains: |00010|00001-->01001-->11111|
Indexes: 2	Inequalities: 0	Chains: |00010|00001-->01001-->11111|
Indexes: 2	Inequalities: 0	Chains: |00010|00001-->01001-->11111|
Indexes: 2	Inequalities: 0	Chains: |00010|00001-->01001-->11111|
Indexes: 2	Inequalities: 0	Chains: |00010|00001-->01001-->11111|
Indexes: 2	Inequalities: 0	Chains: |00010|00001-->01001-->11111|
Indexes: 2	Inequalities: 0	Chains: |00010|00001-->01001-->11111|
Indexes: 1	Inequalities: 0	Chains: |010-->111|
Indexes: 1	Inequalities: 0	Chains: |111|
Indexes: 1	Inequalities: 0	Chains: |010-->111|
Indexes: 1	Inequalities: 0	Chains: |111|
Indexes: 1	Inequalities: 0	Chains: |001-->111|
Indexes: 1	Inequalities: 0	Chains: |001-->111|
Indexes: 2	Inequalities: 1	Chains: |020|002-->111|
Indexes: 2	Inequalities: 1	Chains: |020|002-->111|
Indexes: 2	Inequalities: 1	Chains: |020|002-->111|
Indexes: 2	Inequalities: 1	Chains: |020|002-->111|
Indexes: 1	Inequalities: 0	Chains: |010-->111|
Indexes: 1	Inequalities: 0	Chains: |010-->111|
Indexes: 1	Inequalities: 0	Chains: |1|
Indexes: 1	Inequalities: 0	Chains: |1|
Indexes: 1	Inequalities: 0	Chains: |1|
Indexes: 1	Inequalities: 0	Chains: |1|
Indexes: 1	Inequalities: 0	Chains: |1|
Indexes: 1	Inequalities: 0	Chains: |1|
Indexes: 1	Inequalities: 0	Chains: |010-->111|
Indexes: 1	Inequalities: 0	Chains: |010-->111|
Indexes: 1	Inequalities: 0	Chains: |010-->111|
Indexes: 2	Inequalities: 0	Chains: |00010|00001-->01001-->11111|
Indexes: 1	Inequalities: 0	Chains: |010-->111|
Indexes: 1	Inequalities: 0	Chains: |111|
Indexes: 2	Inequalities: 0	Chains: |00010|00001-->01001-->11111|
Indexes: 1	Inequalities: 0	Chains: |010-->111|
Indexes: 1	Inequalities: 0	Chains: |111|
Indexes: 2	Inequalities: 0	Chains: |00010|00001-->01001-->11111|
Indexes: 1	Inequalities: 0	Chains: |010-->111|
Indexes: 1	Inequalities: 0	Chains: |111|
Indexes: 1	Inequalities: 0	Chains: |010-->111|
Indexes: 1	Inequalities: 0	Chains: |001-->111|
Indexes: 1	Inequalities: 0	Chains: |010-->111|
Indexes: 1	Inequalities: 0	Chains: |001-->111|
Indexes: 1	Inequalities: 0	Chains: |010-->111|
Indexes: 1	Inequalities: 0	Chains: |001-->111|
Indexes: 1	Inequalities: 0	Chains: |1|
Indexes: 2	Inequalities: 1	Chains: |020|002-->111|
Indexes: 1	Inequalities: 0	Chains: |1|
Indexes: 2	Inequalities: 1	Chains: |020|002-->111|
Indexes: 1	Inequalities: 0	Chains: |1|
Indexes: 2	Inequalities: 1	Chains: |020|002-->111|
Indexes: 1	Inequalities: 0	Chains: |1|
Indexes: 2	Inequalities: 1	Chains: |020|002-->111|
Indexes: 1	Inequalities: 0	Chains: |1|
Indexes: 2	Inequalities: 1	Chains: |020|002-->111|
Indexes: 1	Inequalities: 0	Chains: |1|
Indexes: 2	Inequalities: 1	Chains: |020|002-->111|
Indexes: 2	Inequalities: 0	Chains: |00010|00001-->01001-->11111|
Indexes: 1	Inequalities: 0	Chains: |010-->111|
Indexes: 1	Inequalities: 0	Chains: |111|
Indexes: 2	Inequalities: 0	Chains: |00010|00001-->01001-->11111|
Indexes: 1	Inequalities: 0	Chains: |010-->111|
Indexes: 1	Inequalities: 0	Chains: |111|
Indexes: 2	Inequalities: 0	Chains: |00010|00001-->01001-->11111|
Indexes: 1	Inequalities: 0	Chains: |010-->111|
Indexes: 1	Inequalities: 0	Chains: |111|
Indexes: 1	Inequalities: 0	Chains: |010-->111|
Indexes: 1	Inequalities: 0	Chains: |001-->111|
Indexes: 1	Inequalities: 0	Chains: |010-->111|
Indexes: 1	Inequalities: 0	Chains: |001-->111|
Indexes: 1	Inequalities: 0	Chains: |010-->111|
Indexes: 1	Inequalities: 0	Chains: |001-->111|
Indexes: 1	Inequalities: 0	Chains: |1|
Indexes: 2	Inequalities: 1	Chains: |020|002-->111|
Indexes: 1	Inequalities: 0	Chains: |1|
Indexes: 2	Inequalities: 1	Chains: |020|002-->111|
Indexes: 1	Inequalities: 0	Chains: |1|
Indexes: 2	Inequalities: 1	Chains: |020|002-->111|
Indexes: 1	Inequalities: 0	Chains: |1|
Indexes: 2	Inequalities: 1	Chains: |020|002-->111|
Indexes: 1	Inequalities: 0	Chains: |1|
Indexes: 2	Inequalities: 1	Chains: |020|002-->111|
Indexes: 1	Inequalities: 0	Chains: |1|
Indexes: 2	Inequalities: 1	Chains: |020|002-->111|
Indexes: 2	Inequalities: 0	Chains: |00010|00001-->01001-->11111|
Indexes: 1	Inequalities: 0	Chains: |010-->111|
Indexes: 1	Inequalities: 0	Chains: |111|
Indexes: 2	Inequalities: 0	Chains: |00010|00001-->01001-->11111|
Indexes: 1	Inequalities: 0	Chains: |010-->111|
Indexes: 1	Inequalities: 0	Chains: |111|
Indexes: 2	Inequalities: 0	Chains: |00010|00001-->01001-->11111|
Indexes: 1	Inequalities: 0	Chains: |010-->111|
Indexes: 1	Inequalities: 0	Chains: |111|
Indexes: 1	Inequalities: 0	Chains: |010-->111|
Indexes: 1	Inequalities: 0	Chains: |001-->111|
Indexes: 1	Inequalities: 0	Chains: |010-->111|
Indexes: 1	Inequalities: 0	Chains: |001-->111|
Indexes: 1	Inequalities: 0	Chains: |010-->111|
Indexes: 1	Inequalities: 0	Chains: |001-->111|
Indexes: 1	Inequalities: 0	Chains: |1|
Indexes: 2	Inequalities: 1	Chains: |020|002-->111|
Indexes: 1	Inequalities: 0	Chains: |1|
Indexes: 2	Inequalities: 1	Chains: |020|002-->111|
Indexes: 1	Inequalities: 0	Chains: |1|
Indexes: 2	Inequalities: 1	Chains: |020|002-->111|
Indexes: 1	Inequalities: 0	Chains: |1|
Indexes: 2	Inequalities: 1	Chains: |020|002-->111|
Indexes: 1	Inequalities: 0	Chains: |1|
Indexes: 2	Inequalities: 1	Chains: |020|002-->111|
Indexes: 1	Inequalities: 0	Chains: |1|
Indexes: 2	Inequalities: 1	Chains: |020|002-->111|
Indexes: 1	Inequalities: 0	Chains: |001-->111|
Indexes: 1	Inequalities: 0	Chains: |001-->111|
Indexes: 1	Inequalities: 0	Chains: |001-->111|
Indexes: 2	Inequalities: 0	Chains: |00010|00001-->01001-->11111|
Indexes: 1	Inequalities: 0	Chains: |010-->111|
Indexes: 1	Inequalities: 0	Chains: |111|
Indexes: 2	Inequalities: 0	Chains: |00010|00001-->01001-->11111|
Indexes: 1	Inequalities: 0	Chains: |010-->111|
Indexes: 1	Inequalities: 0	Chains: |111|
Indexes: 2	Inequalities: 0	Chains: |00010|00001-->01001-->11111|
Indexes: 1	Inequalities: 0	Chains: |010-->111|
Indexes: 1	Inequalities: 0	Chains: |111|
Indexes: 2	Inequalities: 0	Chains: |00010|00001-->01001-->11111|
Indexes: 1	Inequalities: 0	Chains: |010-->111|
Indexes: 1	Inequalities: 0	Chains: |111|
Indexes: 2	Inequalities: 0	Chains: |00010|00001-->01001-->11111|
Indexes: 1	Inequalities: 0	Chains: |010-->111|
Indexes: 1	Inequalities: 0	Chains: |111|
Indexes: 2	Inequalities: 0	Chains: |00010|00001-->01001-->11111|
Indexes: 1	Inequalities: 0	Chains: |010-->111|
Indexes: 1	Inequalities: 0	Chains: |111|
Indexes: 2	Inequalities: 0	Chains: |00010|00001-->01001-->11111|
Indexes: 1	Inequalities: 0	Chains: |010-->111|
Indexes: 1	Inequalities: 0	Chains: |111|
Indexes: 2	Inequalities: 0	Chains: |00010|00001-->01001-->11111|
Indexes: 1	Inequalities: 0	Chains: |010-->111|
Indexes: 1	Inequalities: 0	Chains: |111|
Indexes: 2	Inequalities: 0	Chains: |00010|00001-->01001-->11111|
Indexes: 1	Inequalities: 0	Chains: |010-->111|
Indexes: 1	Inequalities: 0	Chains: |111|
Indexes: 2	Inequalities: 0	Chains: |00010|00001-->01001-->11111|
Indexes: 1	Inequalities: 0	Chains: |010-->111|
Indexes: 1	Inequalities: 0	Chains: |111|
Indexes: 2	Inequalities: 0	Chains: |00010|00001-->01001-->11111|
Indexes: 1	Inequalities: 0	Chains: |010-->111|
Indexes: 1	Inequalities: 0	Chains: |111|
Indexes: 2	Inequalities: 0	Chains: |00010|00001-->01001-->11111|
Indexes: 1	Inequalities: 0	Chains: |010-->111|
Indexes: 1	Inequalities: 0	Chains: |111|
Indexes: 2	Inequalities: 0	Chains: |00010|00001-->01001-->11111|
Indexes: 1	Inequalities: 0	Chains: |010-->111|
Indexes: 1	Inequalities: 0	Chains: |111|
Indexes: 2	Inequalities: 0	Chains: |00010|00001-->01001-->11111|
Indexes: 1	Inequalities: 0	Chains: |010-->111|
Indexes: 1	Inequalities: 0	Chains: |111|
Indexes: 2	Inequalities: 0	Chains: |00010|00001-->01001-->11111|
Indexes: 1	Inequalities: 0	Chains: |010-->111|
Indexes: 1	Inequalities: 0	Chains: |111|
Indexes: 2	Inequalities: 0	Chains: |00010|00001-->01001-->11111|
Indexes: 1	Inequalities: 0	Chains: |010-->111|
Indexes: 1	Inequalities: 0	Chains: |111|
Indexes: 2	Inequalities: 0	Chains: |00010|00001-->01001-->11111|
Indexes: 1	Inequalities: 0	Chains: |010-->111|
Indexes: 1	Inequalities: 0	Chains: |111|
Indexes: 2	Inequalities: 0	Chains: |00010|00001-->01001-->11111|
Indexes: 1	Inequalities: 0	Chains: |010-->111|
Indexes: 1	Inequalities: 0	Chains: |111|
Indexes: 1	Inequalities: 0	Chains: |001-->111|
Indexes: 1	Inequalities: 0	Chains: |001-->111|
Indexes: 1	Inequalities: 0	Chains: |001-->111|
Indexes: 2	Inequalities: 0	Chains: |00010|00001-->01001-->11111|
Indexes: 1	Inequalities: 0	Chains: |010-->111|
Indexes: 1	Inequalities: 0	Chains: |111|
Indexes: 2	Inequalities: 0	Chains: |00010|00001-->01001-->11111|
Indexes: 1	Inequalities: 0	Chains: |010-->111|
Indexes: 1	Inequalities: 0	Chains: |111|
Indexes: 2	Inequalities: 0	Chains: |00010|00001-->01001-->11111|
Indexes: 1	Inequalities: 0	Chains: |010-->111|
Indexes: 1	Inequalities: 0	Chains: |111|
Indexes: 2	Inequalities: 0	Chains: |00010|00001-->01001-->11111|
Indexes: 1	Inequalities: 0	Chains: |010-->111|
Indexes: 1	Inequalities: 0	Chains: |111|
Indexes: 2	Inequalities: 0	Chains: |00010|00001-->01001-->11111|
Indexes: 1	Inequalities: 0	Chains: |010-->111|
Indexes: 1	Inequalities: 0	Chains: |111|
Indexes: 2	Inequalities: 0	Chains: |00010|00001-->01001-->11111|
Indexes: 1	Inequalities: 0	Chains: |010-->111|
Indexes: 1	Inequalities: 0	Chains: |111|
Indexes: 2	Inequalities: 0	Chains: |00010|00001-->01001-->11111|
Indexes: 1	Inequalities: 0	Chains: |010-->111|
Indexes: 1	Inequalities: 0	Chains: |111|
Indexes: 2	Inequalities: 0	Chains: |00010|00001-->01001-->11111|
Indexes: 1	Inequalities: 0	Chains: |010-->111|
Indexes: 1	Inequalities: 0	Chains: |111|
Indexes: 2	Inequalities: 0	Chains: |00010|00001-->01001-->11111|
Indexes: 1	Inequalities: 0	Chains: |010-->111|
Indexes: 1	Inequalities: 0	Chains: |111|
Indexes: 2	Inequalities: 0	Chains: |00010|00001-->01001-->11111|
Indexes: 1	Inequalities: 0	Chains: |010-->111|
Indexes: 1	Inequalities: 0	Chains: |111|
Indexes: 2	Inequalities: 0	Chains: |00010|00001-->01001-->11111|
Indexes: 1	Inequalities: 0	Chains: |010-->111|
Indexes: 1	Inequalities: 0	Chains: |111|
Indexes: 2	Inequalities: 0	Chains: |00010|00001-->01001-->11111|
Indexes: 1	Inequalities: 0	Chains: |010-->111|
Indexes: 1	Inequalities: 0	Chains: |111|
Indexes: 2	Inequalities: 0	Chains: |00010|00001-->01001-->11111|
Indexes: 1	Inequalities: 0	Chains: |010-->111|
Indexes: 1	Inequalities: 0	Chains: |111|
Indexes: 2	Inequalities: 0	Chains: |00010|00001-->01001-->11111|
Indexes: 1	Inequalities: 0	Chains: |010-->111|
Indexes: 1	Inequalities: 0	Chains: |111|
Indexes: 2	Inequalities: 0	Chains: |00010|00001-->01001-->11111|
Indexes: 1	Inequalities: 0	Chains: |010-->111|
Indexes: 1	Inequalities: 0	Chains: |111|
Indexes: 2	Inequalities: 0	Chains: |00010|00001-->01001-->11111|
Indexes: 1	Inequalities: 0	Chains: |010-->111|
Indexes: 1	Inequalities: 0	Chains: |111|
Indexes: 2	Inequalities: 0	Chains: |00010|00001-->01001-->11111|
Indexes: 1	Inequalities: 0	Chains: |010-->111|
Indexes: 1	Inequalities: 0	Chains: |111|
Indexes: 2	Inequalities: 0	Chains: |00010|00001-->01001-->11111|
Indexes: 1	Inequalities: 0	Chains: |010-->111|
Indexes: 1	Inequalities: 0	Chains: |111|
Indexes: 2	Inequalities: 0	Chains: |00010|00001-->01001-->11111|
Indexes: 1	Inequalities: 0	Chains: |010-->111|
Indexes: 1	Inequalities: 0	Chains: |111|
Indexes: 2	Inequalities: 0	Chains: |00010|00001-->01001-->11111|
Indexes: 1	Inequalities: 0	Chains: |010-->111|
Indexes: 1	Inequalities: 0	Chains: |111|
Indexes: 2	Inequalities: 0	Chains: |00010|00001-->01001-->11111|
Indexes: 1	Inequalities: 0	Chains: |010-->111|
Indexes: 1	Inequalities: 0	Chains: |111|
Indexes: 2	Inequalities: 0	Chains: |00010|00001-->01001-->11111|
Indexes: 1	Inequalities: 0	Chains: |010-->111|
Indexes: 1	Inequalities: 0	Chains: |111|
Indexes: 2	Inequalities: 0	Chains: |00010|00001-->01001-->11111|
Indexes: 1	Inequalities: 0	Chains: |010-->111|
Indexes: 1	Inequalities: 0	Chains: |111|
Indexes: 2	Inequalities: 0	Chains: |00010|00001-->01001-->11111|
Indexes: 1	Inequalities: 0	Chains: |010-->111|
Indexes: 1	Inequalities: 0	Chains: |111|
Indexes: 2	Inequalities: 0	Chains: |00010|00001-->01001-->11111|
Indexes: 1	Inequalities: 0	Chains: |010-->111|
Indexes: 1	Inequalities: 0	Chains: |111|
Indexes: 2	Inequalities: 0	Chains: |00010|00001-->01001-->11111|
Indexes: 1	Inequalities: 0	Chains: |010-->111|
Indexes: 1	Inequalities: 0	Chains: |111|
Indexes: 2	Inequalities: 0	Chains: |00010|00001-->01001-->11111|
Indexes: 1	Inequalities: 0	Chains: |010-->111|
Indexes: 1	Inequalities: 0	Chains: |111|
Indexes: 2	Inequalities: 0	Chains: |00010|00001-->01001-->11111|
Indexes: 1	Inequalities: 0	Chains: |010-->111|
Indexes: 1	Inequalities: 0	Chains: |111|
Indexes: 2	Inequalities: 0	Chains: |00010|00001-->01001-->11111|
Indexes: 1	Inequalities: 0	Chains: |010-->111|
Indexes: 1	Inequalities: 0	Chains: |111|
Indexes: 2	Inequalities: 0	Chains: |00010|00001-->01001-->11111|
Indexes: 1	Inequalities: 0	Chains: |010-->111|
Indexes: 1	Inequalities: 0	Chains: |111|
Indexes: 2	Inequalities: 0	Chains: |00010|00001-->01001-->11111|
Indexes: 1	Inequalities: 0	Chains: |010-->111|
Indexes: 1	Inequalities: 0	Chains: |111|
Indexes: 2	Inequalities: 0	Chains: |00010|00001-->01001-->11111|
Indexes: 1	Inequalities: 0	Chains: |010-->111|
Indexes: 1	Inequalities: 0	Chains: |111|
Indexes: 2	Inequalities: 0	Chains: |00010|00001-->01001-->11111|
Indexes: 1	Inequalities: 0	Chains: |010-->111|
Indexes: 1	Inequalities: 0	Chains: |111|
Indexes: 2	Inequalities: 0	Chains: |00010|00001-->01001-->11111|
Indexes: 1	Inequalities: 0	Chains: |010-->111|
Indexes: 1	Inequalities: 0	Chains: |111|
Indexes: 2	Inequalities: 0	Chains: |00010|00001-->01001-->11111|
Indexes: 1	Inequalities: 0	Chains: |010-->111|
Indexes: 1	Inequalities: 0	Chains: |111|
Indexes: 2	Inequalities: 0	Chains: |00010|00001-->01001-->11111|
Indexes: 1	Inequalities: 0	Chains: |010-->111|
Indexes: 1	Inequalities: 0	Chains: |111|
Indexes: 1	Inequalities: 0	Chains: |201-->111|
Indexes: 1	Inequalities: 0	Chains: |201-->111|
Indexes: 1	Inequalities: 0	Chains: |201-->111|
Indexes: 1	Inequalities: 0	Chains: |201-->111|
Indexes: 1	Inequalities: 0	Chains: |201-->111|
Indexes: 1	Inequalities: 0	Chains: |201-->111|
Indexes: 1	Inequalities: 0	Chains: |201-->111|
Indexes: 1	Inequalities: 0	Chains: |201-->111|
Indexes: 1	Inequalities: 0	Chains: |201-->111|
Indexes: 1	Inequalities: 0	Chains: |201-->111|
Indexes: 1	Inequalities: 0	Chains: |201-->111|
Indexes: 1	Inequalities: 0	Chains: |201-->111|
Indexes: 1	Inequalities: 0	Chains: |201-->111|
Indexes: 1	Inequalities: 0	Chains: |201-->111|
Indexes: 1	Inequalities: 0	Chains: |201-->111|
Indexes: 1	Inequalities: 0	Chains: |201-->111|
Indexes: 1	Inequalities: 0	Chains: |201-->111|
Indexes: 1	Inequalities: 0	Chains: |201-->111|
Indexes: 1	Inequalities: 0	Chains: |201-->111|
Indexes: 1	Inequalities: 0	Chains: |201-->111|
Indexes: 1	Inequalities: 0	Chains: |201-->111|
Indexes: 1	Inequalities: 0	Chains: |201-->111|
Indexes: 1	Inequalities: 0	Chains: |201-->111|
Indexes: 1	Inequalities: 0	Chains: |201-->111|
Indexes: 1	Inequalities: 0	Chains: |201-->111|
Indexes: 1	Inequalities: 0	Chains: |201-->111|
Indexes: 1	Inequalities: 0	Chains: |201-->111|
Indexes: 1	Inequalities: 0	Chains: |1|
Indexes: 1	Inequalities: 0	Chains: |1|
Indexes: 2	Inequalities: 0	Chains: |00010|00001-->01001-->11111|
Indexes: 2	Inequalities: 0	Chains: |00010|00001-->01001-->11111|
Indexes: 2	Inequalities: 0	Chains: |00010|00001-->01001-->11111|
Indexes: 2	Inequalities: 0	Chains: |00010|00001-->01001-->11111|
Indexes: 2	Inequalities: 0	Chains: |00010|00001-->01001-->11111|
Indexes: 2	Inequalities: 0	Chains: |00010|00001-->01001-->11111|
Indexes: 2	Inequalities: 0	Chains: |00010|00001-->01001-->11111|
Indexes: 2	Inequalities: 0	Chains: |00010|00001-->01001-->11111|
Indexes: 1	Inequalities: 0	Chains: |010-->111|
Indexes: 2	Inequalities: 0	Chains: |00010|00001-->01001-->11111|
Indexes: 1	Inequalities: 0	Chains: |010-->111|
Indexes: 2	Inequalities: 0	Chains: |00010|00001-->01001-->11111|
Indexes: 1	Inequalities: 0	Chains: |010-->111|
Indexes: 2	Inequalities: 0	Chains: |00010|00001-->01001-->11111|
Indexes: 1	Inequalities: 0	Chains: |010-->111|
Indexes: 2	Inequalities: 0	Chains: |00010|00001-->01001-->11111|
Indexes: 1	Inequalities: 0	Chains: |010-->111|
Indexes: 2	Inequalities: 0	Chains: |00010|00001-->01001-->11111|
Indexes: 1	Inequalities: 0	Chains: |010-->111|
Indexes: 2	Inequalities: 0	Chains: |00010|00001-->01001-->11111|
Indexes: 1	Inequalities: 0	Chains: |010-->111|
Indexes: 2	Inequalities: 0	Chains: |00010|00001-->01001-->11111|
Indexes: 1	Inequalities: 0	Chains: |010-->111|
Indexes: 2	Inequalities: 0	Chains: |00010|00001-->01001-->11111|
Indexes: 1	Inequalities: 0	Chains: |010-->111|
Indexes: 2	Inequalities: 0	Chains: |00010|00001-->01001-->11111|
Indexes: 1	Inequalities: 0	Chains: |010-->111|
Indexes: 2	Inequalities: 0	Chains: |00010|00001-->01001-->11111|
Indexes: 1	Inequalities: 0	Chains: |010-->111|
Indexes: 2	Inequalities: 0	Chains: |00010|00001-->01001-->11111|
Indexes: 1	Inequalities: 0	Chains: |010-->111|
Indexes: 2	Inequalities: 0	Chains: |00010|00001-->01001-->11111|
Indexes: 1	Inequalities: 0	Chains: |010-->111|
Indexes: 2	Inequalities: 0	Chains: |00010|00001-->01001-->11111|
Indexes: 1	Inequalities: 0	Chains: |010-->111|
Indexes: 1	Inequalities: 0	Chains: |010-->111|
Indexes: 1	Inequalities: 0	Chains: |010-->111|
Indexes: 1	Inequalities: 0	Chains: |1|
Indexes: 1	Inequalities: 0	Chains: |1|
Indexes: 1	Inequalities: 0	Chains: |1|
Indexes: 1	Inequalities: 0	Chains: |1|
Indexes: 1	Inequalities: 0	Chains: |1|
Indexes: 1	Inequalities: 0	Chains: |1|
Indexes: 1	Inequalities: 0	Chains: |1|
Indexes: 1	Inequalities: 0	Chains: |1|
Indexes: 1	Inequalities: 0	Chains: |1|
Indexes: 1	Inequalities: 0	Chains: |1|
Indexes: 2	Inequalities: 0	Chains: |00010|00001-->01001-->11111|
Indexes: 2	Inequalities: 0	Chains: |00010|00001-->01001-->11111|
Indexes: 2	Inequalities: 0	Chains: |00010|00001-->01001-->11111|
Indexes: 2	Inequalities: 0	Chains: |00010|00001-->01001-->11111|
Indexes: 2	Inequalities: 0	Chains: |00010|00001-->01001-->11111|
Indexes: 2	Inequalities: 0	Chains: |00010|00001-->01001-->11111|
Indexes: 2	Inequalities: 0	Chains: |00010|00001-->01001-->11111|
Indexes: 2	Inequalities: 0	Chains: |00010|00001-->01001-->11111|
Indexes: 1	Inequalities: 0	Chains: |010-->111|
Indexes: 2	Inequalities: 0	Chains: |00010|00001-->01001-->11111|
Indexes: 1	Inequalities: 0	Chains: |010-->111|
Indexes: 2	Inequalities: 0	Chains: |00010|00001-->01001-->11111|
Indexes: 1	Inequalities: 0	Chains: |010-->111|
Indexes: 2	Inequalities: 0	Chains: |00010|00001-->01001-->11111|
Indexes: 1	Inequalities: 0	Chains: |010-->111|
Indexes: 2	Inequalities: 0	Chains: |00010|00001-->01001-->11111|
Indexes: 1	Inequalities: 0	Chains: |010-->111|
Indexes: 2	Inequalities: 0	Chains: |00010|00001-->01001-->11111|
Indexes: 1	Inequalities: 0	Chains: |010-->111|
Indexes: 2	Inequalities: 0	Chains: |00010|00001-->01001-->11111|
Indexes: 1	Inequalities: 0	Chains: |010-->111|
Indexes: 2	Inequalities: 0	Chains: |00010|00001-->01001-->11111|
Indexes: 1	Inequalities: 0	Chains: |010-->111|
Indexes: 2	Inequalities: 0	Chains: |00010|00001-->01001-->11111|
Indexes: 1	Inequalities: 0	Chains: |010-->111|
Indexes: 2	Inequalities: 0	Chains: |00010|00001-->01001-->11111|
Indexes: 1	Inequalities: 0	Chains: |010-->111|
Indexes: 2	Inequalities: 0	Chains: |00010|00001-->01001-->11111|
Indexes: 1	Inequalities: 0	Chains: |010-->111|
Indexes: 2	Inequalities: 0	Chains: |00010|00001-->01001-->11111|
Indexes: 1	Inequalities: 0	Chains: |010-->111|
Indexes: 2	Inequalities: 0	Chains: |00010|00001-->01001-->11111|
Indexes: 1	Inequalities: 0	Chains: |010-->111|
Indexes: 2	Inequalities: 0	Chains: |00010|00001-->01001-->11111|
Indexes: 1	Inequalities: 0	Chains: |010-->111|
Indexes: 1	Inequalities: 0	Chains: |010-->111|
Indexes: 1	Inequalities: 0	Chains: |010-->111|
