Indexes: 1	Inequalities: 0	Chains: |10-->11|
Indexes: 1	Inequalities: 0	Chains: |1|
Indexes: 2	Inequalities: 0	Chains: |01|10-->11|
Indexes: 2	Inequalities: 0	Chains: |01|10-->11|
Indexes: 1	Inequalities: 0	Chains: |010-->111|
Indexes: 1	Inequalities: 0	Chains: |110-->111|
Indexes: 2	Inequalities: 0	Chains: |01|10-->11|
Indexes: 1	Inequalities: 0	Chains: |10-->11|
Indexes: 2	Inequalities: 0	Chains: |01|10-->11|
Indexes: 1	Inequalities: 0	Chains: |10-->11|
Indexes: 1	Inequalities: 0	Chains: |0100-->1111|
Indexes: 1	Inequalities: 0	Chains: |1000-->1100-->1111|
Indexes: 1	Inequalities: 0	Chains: |10-->11|
Indexes: 1	Inequalities: 0	Chains: |10-->11|
Indexes: 1	Inequalities: 0	Chains: |10-->11|
Indexes: 1	Inequalities: 0	Chains: |10-->11|
Indexes: 1	Inequalities: 0	Chains: |10-->11|
Indexes: 1	Inequalities: 0	Chains: |10-->11|
Indexes: 1	Inequalities: 0	Chains: |11|
Indexes: 1	Inequalities: 0	Chains: |10-->11|
Indexes: 1	Inequalities: 0	Chains: |1000-->1100-->1111|
Indexes: 1	Inequalities: 0	Chains: |0100-->1111|
Indexes: 1	Inequalities: 0	Chains: |01-->11|
Indexes: 2	Inequalities: 0	Chains: |01|10-->11|
Indexes: 2	Inequalities: 0	Chains: |01|10-->11|
Indexes: 1	Inequalities: 0	Chains: |11|
Indexes: 1	Inequalities: 0	Chains: |01-->11|
Indexes: 2	Inequalities: 0	Chains: |01|10-->11|
Indexes: 2	Inequalities: 0	Chains: |01|10-->11|
Indexes: 1	Inequalities: 0	Chains: |11|
