Indexes: 1	Inequalities: 0	Chains: |10-->20-->11|
Indexes: 1	Inequalities: 0	Chains: |10-->20-->11|
Indexes: 1	Inequalities: 0	Chains: |10-->20-->11|
Indexes: 1	Inequalities: 0	Chains: |10-->20-->11|
