Indexes: 6	Inequalities: 0	Chains: |0011110-->0111110|0001110-->1011110|0000110-->1001110-->1101110|1000110-->1100110-->1110110|1000010-->1100010-->1110010-->1111010|1100000-->1110000-->1111000-->1111100-->1111110-->1111111|
Indexes: 6	Inequalities: 0	Chains: |0011110-->0111110|0001110-->1011110|0000110-->1001110-->1101110|1000110-->1100110-->1110110|1000010-->1100010-->1110010-->1111010|1100000-->1110000-->1111000-->1111100-->1111110-->1111111|
Indexes: 6	Inequalities: 0	Chains: |0011110-->0111110|0001110-->1011110|0000110-->1001110-->1101110|1000110-->1100110-->1110110|1000010-->1100010-->1110010-->1111010|1100000-->1110000-->1111000-->1111100-->1111110-->1111111|
Indexes: 6	Inequalities: 0	Chains: |0011110-->0111110|0001110-->1011110|0000110-->1001110-->1101110|1000110-->1100110-->1110110|1000010-->1100010-->1110010-->1111010|1100000-->1110000-->1111000-->1111100-->1111110-->1111111|
Indexes: 6	Inequalities: 0	Chains: |0011110-->0111110|0001110-->1011110|0000110-->1001110-->1101110|1000110-->1100110-->1110110|1000010-->1100010-->1110010-->1111010|1100000-->1110000-->1111000-->1111100-->1111110-->1111111|
Indexes: 6	Inequalities: 0	Chains: |0011110-->0111110|0001110-->1011110|0000110-->1001110-->1101110|1000110-->1100110-->1110110|1000010-->1100010-->1110010-->1111010|1100000-->1110000-->1111000-->1111100-->1111110-->1111111|
Indexes: 6	Inequalities: 0	Chains: |0011110-->0111110|0001110-->1011110|0000110-->1001110-->1101110|1000110-->1100110-->1110110|1000010-->1100010-->1110010-->1111010|1100000-->1110000-->1111000-->1111100-->1111110-->1111111|
Indexes: 6	Inequalities: 0	Chains: |0011110-->0111110|0001110-->1011110|0000110-->1001110-->1101110|1000110-->1100110-->1110110|1000010-->1100010-->1110010-->1111010|1100000-->1110000-->1111000-->1111100-->1111110-->1111111|
Indexes: 6	Inequalities: 0	Chains: |0011110-->0111110|0001110-->1011110|0000110-->1001110-->1101110|1000110-->1100110-->1110110|1000010-->1100010-->1110010-->1111010|1100000-->1110000-->1111000-->1111100-->1111110-->1111111|
Indexes: 6	Inequalities: 0	Chains: |0011110-->0111110|0001110-->1011110|0000110-->1001110-->1101110|1000110-->1100110-->1110110|1000010-->1100010-->1110010-->1111010|1100000-->1110000-->1111000-->1111100-->1111110-->1111111|
Indexes: 6	Inequalities: 0	Chains: |0011110-->0111110|0001110-->1011110|0000110-->1001110-->1101110|1000110-->1100110-->1110110|1000010-->1100010-->1110010-->1111010|1100000-->1110000-->1111000-->1111100-->1111110-->1111111|
Indexes: 6	Inequalities: 0	Chains: |0011110-->0111110|0001110-->1011110|0000110-->1001110-->1101110|1000110-->1100110-->1110110|1000010-->1100010-->1110010-->1111010|1100000-->1110000-->1111000-->1111100-->1111110-->1111111|
Indexes: 6	Inequalities: 0	Chains: |0011110-->0111110|0001110-->1011110|0000110-->1001110-->1101110|1000110-->1100110-->1110110|1000010-->1100010-->1110010-->1111010|1100000-->1110000-->1111000-->1111100-->1111110-->1111111|
Indexes: 6	Inequalities: 0	Chains: |0011110-->0111110|0001110-->1011110|0000110-->1001110-->1101110|1000110-->1100110-->1110110|1000010-->1100010-->1110010-->1111010|1100000-->1110000-->1111000-->1111100-->1111110-->1111111|
Indexes: 6	Inequalities: 0	Chains: |0011110-->0111110|0001110-->1011110|0000110-->1001110-->1101110|1000110-->1100110-->1110110|1000010-->1100010-->1110010-->1111010|1100000-->1110000-->1111000-->1111100-->1111110-->1111111|
Indexes: 6	Inequalities: 0	Chains: |0011110-->0111110|0001110-->1011110|0000110-->1001110-->1101110|1000110-->1100110-->1110110|1000010-->1100010-->1110010-->1111010|1100000-->1110000-->1111000-->1111100-->1111110-->1111111|
Indexes: 6	Inequalities: 0	Chains: |0011110-->0111110|0001110-->1011110|0000110-->1001110-->1101110|1000110-->1100110-->1110110|1000010-->1100010-->1110010-->1111010|1100000-->1110000-->1111000-->1111100-->1111110-->1111111|
Indexes: 6	Inequalities: 0	Chains: |0011110-->0111110|0001110-->1011110|0000110-->1001110-->1101110|1000110-->1100110-->1110110|1000010-->1100010-->1110010-->1111010|1100000-->1110000-->1111000-->1111100-->1111110-->1111111|
Indexes: 6	Inequalities: 0	Chains: |0011110-->0111110|0001110-->1011110|0000110-->1001110-->1101110|1000110-->1100110-->1110110|1000010-->1100010-->1110010-->1111010|1100000-->1110000-->1111000-->1111100-->1111110-->1111111|
