Indexes: 1	Inequalities: 0	Chains: |100-->102-->111|
Indexes: 2	Inequalities: 1	Chains: |100-->111|002-->102|
Indexes: 2	Inequalities: 1	Chains: |100-->111|002-->102|
