Indexes: 1	Inequalities: 0	Chains: |20-->11|
Indexes: 1	Inequalities: 0	Chains: |20-->11|
Indexes: 1	Inequalities: 0	Chains: |20-->11|
