Indexes: 1	Inequalities: 0	Chains: |100-->111|
Indexes: 1	Inequalities: 1	Chains: |1-->2|
Indexes: 1	Inequalities: 1	Chains: |111-->112|
