Indexes: 1	Inequalities: 1	Chains: |11-->22|
Indexes: 1	Inequalities: 1	Chains: |11-->22|
Indexes: 1	Inequalities: 1	Chains: |11-->22|
Indexes: 1	Inequalities: 1	Chains: |11-->22|
Indexes: 1	Inequalities: 0	Chains: |110-->111|
Indexes: 1	Inequalities: 0	Chains: |110-->111|
Indexes: 1	Inequalities: 0	Chains: |110-->111|
Indexes: 1	Inequalities: 0	Chains: |110-->111|
Indexes: 1	Inequalities: 0	Chains: |110-->111|
Indexes: 1	Inequalities: 0	Chains: |110-->111|
Indexes: 1	Inequalities: 0	Chains: |110-->111|
Indexes: 1	Inequalities: 0	Chains: |110-->111|
Indexes: 1	Inequalities: 0	Chains: |110-->111|
Indexes: 1	Inequalities: 0	Chains: |110-->111|
Indexes: 1	Inequalities: 0	Chains: |110-->111|
Indexes: 1	Inequalities: 0	Chains: |110-->111|
Indexes: 1	Inequalities: 0	Chains: |110-->111|
Indexes: 1	Inequalities: 0	Chains: |110-->111|
Indexes: 1	Inequalities: 0	Chains: |110-->111|
Indexes: 1	Inequalities: 0	Chains: |110-->111|
Indexes: 1	Inequalities: 0	Chains: |110-->111|
