Indexes: 5	Inequalities: 0	Chains: |1010010|1011000|1000110-->1001110-->1101110|1000000-->1100010-->1100110-->1110110|1100000-->1110000-->1111010-->1111110-->1111111|
Indexes: 5	Inequalities: 0	Chains: |1010010|1011000|1000110-->1001110-->1101110|1000000-->1100010-->1100110-->1110110|1100000-->1110000-->1111010-->1111110-->1111111|
Indexes: 5	Inequalities: 0	Chains: |1010010|1011000|1000110-->1001110-->1101110|1000000-->1100010-->1100110-->1110110|1100000-->1110000-->1111010-->1111110-->1111111|
Indexes: 5	Inequalities: 0	Chains: |1010010|1011000|1000110-->1001110-->1101110|1000000-->1100010-->1100110-->1110110|1100000-->1110000-->1111010-->1111110-->1111111|
Indexes: 5	Inequalities: 0	Chains: |1010010|1011000|1000110-->1001110-->1101110|1000000-->1100010-->1100110-->1110110|1100000-->1110000-->1111010-->1111110-->1111111|
Indexes: 5	Inequalities: 0	Chains: |1010010|1011000|1000110-->1001110-->1101110|1000000-->1100010-->1100110-->1110110|1100000-->1110000-->1111010-->1111110-->1111111|
Indexes: 5	Inequalities: 0	Chains: |1010010|1011000|1000110-->1001110-->1101110|1000000-->1100010-->1100110-->1110110|1100000-->1110000-->1111010-->1111110-->1111111|
Indexes: 5	Inequalities: 0	Chains: |1010010|1011000|1000110-->1001110-->1101110|1000000-->1100010-->1100110-->1110110|1100000-->1110000-->1111010-->1111110-->1111111|
Indexes: 5	Inequalities: 0	Chains: |1010010|1011000|1000110-->1001110-->1101110|1000000-->1100010-->1100110-->1110110|1100000-->1110000-->1111010-->1111110-->1111111|
Indexes: 5	Inequalities: 0	Chains: |1010010|1011000|1000110-->1001110-->1101110|1000000-->1100010-->1100110-->1110110|1100000-->1110000-->1111010-->1111110-->1111111|
Indexes: 5	Inequalities: 0	Chains: |1010010|1011000|1000110-->1001110-->1101110|1000000-->1100010-->1100110-->1110110|1100000-->1110000-->1111010-->1111110-->1111111|
Indexes: 5	Inequalities: 0	Chains: |1010010|1011000|1000110-->1001110-->1101110|1000000-->1100010-->1100110-->1110110|1100000-->1110000-->1111010-->1111110-->1111111|
Indexes: 5	Inequalities: 0	Chains: |1010010|1011000|1000110-->1001110-->1101110|1000000-->1100010-->1100110-->1110110|1100000-->1110000-->1111010-->1111110-->1111111|
Indexes: 5	Inequalities: 0	Chains: |1010010|1011000|1000110-->1001110-->1101110|1000000-->1100010-->1100110-->1110110|1100000-->1110000-->1111010-->1111110-->1111111|
Indexes: 5	Inequalities: 0	Chains: |1010010|1011000|1000110-->1001110-->1101110|1000000-->1100010-->1100110-->1110110|1100000-->1110000-->1111010-->1111110-->1111111|
