Indexes: 4	Inequalities: 0	Chains: |1001110-->1011110|1000110-->1100110-->1101110|1000000-->1000010-->1100010-->1110010-->1110110|1100000-->1110000-->1111000-->1111010-->1111110-->1111111|
Indexes: 4	Inequalities: 0	Chains: |1001110-->1011110|1000110-->1100110-->1101110|1000000-->1000010-->1100010-->1110010-->1110110|1100000-->1110000-->1111000-->1111010-->1111110-->1111111|
Indexes: 4	Inequalities: 0	Chains: |1001110-->1011110|1000110-->1100110-->1101110|1000000-->1000010-->1100010-->1110010-->1110110|1100000-->1110000-->1111000-->1111010-->1111110-->1111111|
Indexes: 4	Inequalities: 0	Chains: |1001110-->1011110|1000110-->1100110-->1101110|1000000-->1000010-->1100010-->1110010-->1110110|1100000-->1110000-->1111000-->1111010-->1111110-->1111111|
Indexes: 4	Inequalities: 0	Chains: |1001110-->1011110|1000110-->1100110-->1101110|1000000-->1000010-->1100010-->1110010-->1110110|1100000-->1110000-->1111000-->1111010-->1111110-->1111111|
Indexes: 4	Inequalities: 0	Chains: |1001110-->1011110|1000110-->1100110-->1101110|1000000-->1000010-->1100010-->1110010-->1110110|1100000-->1110000-->1111000-->1111010-->1111110-->1111111|
Indexes: 4	Inequalities: 0	Chains: |1001110-->1011110|1000110-->1100110-->1101110|1000000-->1000010-->1100010-->1110010-->1110110|1100000-->1110000-->1111000-->1111010-->1111110-->1111111|
Indexes: 4	Inequalities: 0	Chains: |1001110-->1011110|1000110-->1100110-->1101110|1000000-->1000010-->1100010-->1110010-->1110110|1100000-->1110000-->1111000-->1111010-->1111110-->1111111|
Indexes: 4	Inequalities: 0	Chains: |1001110-->1011110|1000110-->1100110-->1101110|1000000-->1000010-->1100010-->1110010-->1110110|1100000-->1110000-->1111000-->1111010-->1111110-->1111111|
Indexes: 4	Inequalities: 0	Chains: |1001110-->1011110|1000110-->1100110-->1101110|1000000-->1000010-->1100010-->1110010-->1110110|1100000-->1110000-->1111000-->1111010-->1111110-->1111111|
Indexes: 4	Inequalities: 0	Chains: |1001110-->1011110|1000110-->1100110-->1101110|1000000-->1000010-->1100010-->1110010-->1110110|1100000-->1110000-->1111000-->1111010-->1111110-->1111111|
Indexes: 4	Inequalities: 0	Chains: |1001110-->1011110|1000110-->1100110-->1101110|1000000-->1000010-->1100010-->1110010-->1110110|1100000-->1110000-->1111000-->1111010-->1111110-->1111111|
Indexes: 4	Inequalities: 0	Chains: |1001110-->1011110|1000110-->1100110-->1101110|1000000-->1000010-->1100010-->1110010-->1110110|1100000-->1110000-->1111000-->1111010-->1111110-->1111111|
Indexes: 4	Inequalities: 0	Chains: |1001110-->1011110|1000110-->1100110-->1101110|1000000-->1000010-->1100010-->1110010-->1110110|1100000-->1110000-->1111000-->1111010-->1111110-->1111111|
Indexes: 4	Inequalities: 0	Chains: |1001110-->1011110|1000110-->1100110-->1101110|1000000-->1000010-->1100010-->1110010-->1110110|1100000-->1110000-->1111000-->1111010-->1111110-->1111111|
