Indexes: 1	Inequalities: 0	Chains: |0011-->1011-->1111|
Indexes: 1	Inequalities: 0	Chains: |0011-->1011-->1111|
Indexes: 1	Inequalities: 0	Chains: |0011-->1011-->1111|
Indexes: 1	Inequalities: 0	Chains: |0011-->1011-->1111|
Indexes: 1	Inequalities: 0	Chains: |0011-->1011-->1111|
Indexes: 1	Inequalities: 0	Chains: |0011-->1011-->1111|
Indexes: 1	Inequalities: 0	Chains: |0011-->1011-->1111|
Indexes: 1	Inequalities: 0	Chains: |0011-->1011-->1111|
Indexes: 1	Inequalities: 0	Chains: |0011-->1011-->1111|
