Indexes: 1	Inequalities: 0	Chains: |010000000-->111111111|
Indexes: 1	Inequalities: 0	Chains: |111111100-->111111102-->111111111|
Indexes: 1	Inequalities: 0	Chains: |1100-->1102-->1111|
Indexes: 2	Inequalities: 1	Chains: |010000002|010000000-->111111100-->111111111|
