Indexes: 1	Inequalities: 0	Chains: |0000000001-->1111111111|
Indexes: 1	Inequalities: 0	Chains: |0000000001-->1111111111|
Indexes: 1	Inequalities: 0	Chains: |10-->11|
Indexes: 1	Inequalities: 0	Chains: |1111111111000000000-->1111111111111111111|
Indexes: 1	Inequalities: 0	Chains: |10-->11|
Indexes: 1	Inequalities: 0	Chains: |1111111111000000000-->1111111111111111111|
Indexes: 9	Inequalities: 0	Chains: |0000000010|0000000100|0000001000|0000010000|0000100000|0001000000|0010000000|0100000000|1000000000-->1111111111|
Indexes: 9	Inequalities: 0	Chains: |0000000010|0000000100|0000001000|0000010000|0000100000|0001000000|0010000000|0100000000|1000000000-->1111111111|
Indexes: 9	Inequalities: 0	Chains: |0000000010|0000000100|0000001000|0000010000|0000100000|0001000000|0010000000|0100000000|1000000000-->1111111111|
Indexes: 9	Inequalities: 0	Chains: |0000000010|0000000100|0000001000|0000010000|0000100000|0001000000|0010000000|0100000000|1000000000-->1111111111|
Indexes: 9	Inequalities: 0	Chains: |0000000010|0000000100|0000001000|0000010000|0000100000|0001000000|0010000000|0100000000|1000000000-->1111111111|
Indexes: 9	Inequalities: 0	Chains: |0000000010|0000000100|0000001000|0000010000|0000100000|0001000000|0010000000|0100000000|1000000000-->1111111111|
Indexes: 9	Inequalities: 0	Chains: |0000000010|0000000100|0000001000|0000010000|0000100000|0001000000|0010000000|0100000000|1000000000-->1111111111|
Indexes: 9	Inequalities: 0	Chains: |0000000010|0000000100|0000001000|0000010000|0000100000|0001000000|0010000000|0100000000|1000000000-->1111111111|
Indexes: 9	Inequalities: 0	Chains: |0000000010|0000000100|0000001000|0000010000|0000100000|0001000000|0010000000|0100000000|1000000000-->1111111111|
Indexes: 1	Inequalities: 0	Chains: |0000000001-->1111111111|
Indexes: 1	Inequalities: 0	Chains: |0000000001-->1111111111|
Indexes: 1	Inequalities: 0	Chains: |11111111110-->11111111111|
Indexes: 1	Inequalities: 0	Chains: |00000000011-->11111111111|
Indexes: 1	Inequalities: 0	Chains: |00000000011-->11111111111|
