Indexes: 1	Inequalities: 0	Chains: |02-->11|
Indexes: 1	Inequalities: 0	Chains: |02-->11|
Indexes: 1	Inequalities: 0	Chains: |02-->11|
Indexes: 1	Inequalities: 0	Chains: |02-->11|
