Indexes: 1	Inequalities: 1	Chains: |10-->11-->12|
Indexes: 1	Inequalities: 1	Chains: |10-->11-->12|
Indexes: 1	Inequalities: 1	Chains: |10-->11-->12|
Indexes: 1	Inequalities: 1	Chains: |10-->11-->12|
