Indexes: 2	Inequalities: 0	Chains: |011|001-->101-->111|
Indexes: 2	Inequalities: 0	Chains: |011|001-->101-->111|
Indexes: 2	Inequalities: 0	Chains: |011|001-->101-->111|
Indexes: 2	Inequalities: 0	Chains: |011|001-->101-->111|
