Indexes: 2	Inequalities: 0	Chains: |0011|1110-->1111|
Indexes: 1	Inequalities: 1	Chains: |1-->2|
Indexes: 1	Inequalities: 1	Chains: |1-->2|
Indexes: 1	Inequalities: 1	Chains: |1-->2|
Indexes: 1	Inequalities: 0	Chains: |1100-->1110-->1111|
Indexes: 1	Inequalities: 0	Chains: |1110-->1111|
Indexes: 1	Inequalities: 0	Chains: |1110-->1111|
Indexes: 1	Inequalities: 1	Chains: |1-->2|
Indexes: 1	Inequalities: 0	Chains: |1110-->1111|
Indexes: 1	Inequalities: 0	Chains: |1110-->1111|
Indexes: 1	Inequalities: 0	Chains: |1110-->1111|
Indexes: 1	Inequalities: 1	Chains: |1-->2|
Indexes: 1	Inequalities: 0	Chains: |1100-->1110-->1111|
Indexes: 2	Inequalities: 0	Chains: |0011|1110-->1111|
Indexes: 1	Inequalities: 0	Chains: |1110-->1111|
Indexes: 1	Inequalities: 1	Chains: |1-->2|
Indexes: 1	Inequalities: 0	Chains: |1100-->1110-->1111|
Indexes: 1	Inequalities: 0	Chains: |1110-->1111|
Indexes: 2	Inequalities: 0	Chains: |0011|1110-->1111|
Indexes: 1	Inequalities: 1	Chains: |1-->2|
Indexes: 1	Inequalities: 0	Chains: |1110-->1111|
Indexes: 1	Inequalities: 0	Chains: |1100-->1110-->1111|
Indexes: 1	Inequalities: 0	Chains: |1110-->1111|
Indexes: 1	Inequalities: 1	Chains: |1-->2|
Indexes: 2	Inequalities: 0	Chains: |0011|1110-->1111|
Indexes: 1	Inequalities: 0	Chains: |1100-->1110-->1111|
Indexes: 1	Inequalities: 0	Chains: |1110-->1111|
Indexes: 1	Inequalities: 1	Chains: |1-->2|
Indexes: 1	Inequalities: 0	Chains: |1110-->1111|
Indexes: 1	Inequalities: 0	Chains: |1110-->1111|
Indexes: 1	Inequalities: 0	Chains: |1110-->1111|
Indexes: 1	Inequalities: 1	Chains: |1-->2|
Indexes: 1	Inequalities: 0	Chains: |1110-->1111|
Indexes: 1	Inequalities: 0	Chains: |1100-->1110-->1111|
Indexes: 2	Inequalities: 0	Chains: |0011|1110-->1111|
Indexes: 1	Inequalities: 1	Chains: |1-->2|
Indexes: 2	Inequalities: 0	Chains: |0011|1110-->1111|
Indexes: 1	Inequalities: 1	Chains: |1-->2|
Indexes: 1	Inequalities: 1	Chains: |1-->2|
Indexes: 1	Inequalities: 1	Chains: |1-->2|
Indexes: 1	Inequalities: 0	Chains: |1110-->1111|
Indexes: 1	Inequalities: 0	Chains: |1110-->1111|
Indexes: 1	Inequalities: 0	Chains: |1100-->1110-->1111|
Indexes: 1	Inequalities: 1	Chains: |1-->2|
Indexes: 2	Inequalities: 0	Chains: |0011|1110-->1111|
Indexes: 1	Inequalities: 0	Chains: |1110-->1111|
Indexes: 1	Inequalities: 0	Chains: |1100-->1110-->1111|
Indexes: 1	Inequalities: 1	Chains: |1-->2|
Indexes: 1	Inequalities: 0	Chains: |1110-->1111|
Indexes: 2	Inequalities: 0	Chains: |0011|1110-->1111|
Indexes: 1	Inequalities: 0	Chains: |1100-->1110-->1111|
Indexes: 1	Inequalities: 1	Chains: |1-->2|
Indexes: 1	Inequalities: 0	Chains: |1110-->1111|
Indexes: 1	Inequalities: 0	Chains: |1110-->1111|
Indexes: 1	Inequalities: 0	Chains: |1110-->1111|
Indexes: 1	Inequalities: 1	Chains: |1-->2|
Indexes: 1	Inequalities: 0	Chains: |1110-->1111|
Indexes: 1	Inequalities: 0	Chains: |1110-->1111|
Indexes: 1	Inequalities: 0	Chains: |1100-->1110-->1111|
Indexes: 1	Inequalities: 1	Chains: |1-->2|
Indexes: 2	Inequalities: 0	Chains: |0011|1110-->1111|
Indexes: 1	Inequalities: 0	Chains: |1110-->1111|
Indexes: 1	Inequalities: 0	Chains: |1100-->1110-->1111|
Indexes: 1	Inequalities: 1	Chains: |1-->2|
Indexes: 1	Inequalities: 0	Chains: |1110-->1111|
Indexes: 2	Inequalities: 0	Chains: |0011|1110-->1111|
Indexes: 1	Inequalities: 0	Chains: |1100-->1110-->1111|
Indexes: 1	Inequalities: 1	Chains: |1-->2|
Indexes: 1	Inequalities: 0	Chains: |1110-->1111|
Indexes: 1	Inequalities: 0	Chains: |1110-->1111|
Indexes: 1	Inequalities: 0	Chains: |1110-->1111|
Indexes: 1	Inequalities: 1	Chains: |1-->2|
Indexes: 1	Inequalities: 1	Chains: |1-->2|
Indexes: 1	Inequalities: 1	Chains: |1-->2|
Indexes: 1	Inequalities: 0	Chains: |1110-->1111|
Indexes: 1	Inequalities: 0	Chains: |1100-->1110-->1111|
Indexes: 1	Inequalities: 1	Chains: |1-->2|
