Indexes: 5	Inequalities: 0	Chains: |0011110-->1011110|1100110|0101010-->1101010-->1101110|1110100|1111000-->1111110-->1111111|
Indexes: 5	Inequalities: 0	Chains: |0011110-->1011110|1100110|0101010-->1101010-->1101110|1110100|1111000-->1111110-->1111111|
Indexes: 5	Inequalities: 0	Chains: |0011110-->1011110|1100110|0101010-->1101010-->1101110|1110100|1111000-->1111110-->1111111|
Indexes: 5	Inequalities: 0	Chains: |0011110-->1011110|1100110|0101010-->1101010-->1101110|1110100|1111000-->1111110-->1111111|
Indexes: 5	Inequalities: 0	Chains: |0011110-->1011110|1100110|0101010-->1101010-->1101110|1110100|1111000-->1111110-->1111111|
Indexes: 5	Inequalities: 0	Chains: |0011110-->1011110|1100110|0101010-->1101010-->1101110|1110100|1111000-->1111110-->1111111|
Indexes: 5	Inequalities: 0	Chains: |0011110-->1011110|1100110|0101010-->1101010-->1101110|1110100|1111000-->1111110-->1111111|
Indexes: 5	Inequalities: 0	Chains: |0011110-->1011110|1100110|0101010-->1101010-->1101110|1110100|1111000-->1111110-->1111111|
Indexes: 5	Inequalities: 0	Chains: |0011110-->1011110|1100110|0101010-->1101010-->1101110|1110100|1111000-->1111110-->1111111|
