Indexes: 1	Inequalities: 1	Chains: |1-->2|
Indexes: 1	Inequalities: 1	Chains: |1-->2|
Indexes: 1	Inequalities: 0	Chains: |1|
Indexes: 1	Inequalities: 1	Chains: |1-->2|
Indexes: 1	Inequalities: 1	Chains: |1-->2|
