Indexes: 1	Inequalities: 0	Chains: |010-->110-->120-->111|
Indexes: 1	Inequalities: 0	Chains: |20-->11|
Indexes: 1	Inequalities: 0	Chains: |010-->110-->120-->111|
Indexes: 1	Inequalities: 0	Chains: |010-->110-->120-->111|
Indexes: 1	Inequalities: 0	Chains: |1000-->1111|
Indexes: 1	Inequalities: 0	Chains: |010-->110-->120-->111|
Indexes: 1	Inequalities: 0	Chains: |11|
Indexes: 1	Inequalities: 0	Chains: |010-->110-->120-->111|
Indexes: 2	Inequalities: 0	Chains: |0101|1000-->1111|
Indexes: 1	Inequalities: 0	Chains: |010-->110-->120-->111|
Indexes: 1	Inequalities: 0	Chains: |11|
Indexes: 1	Inequalities: 0	Chains: |010-->110-->120-->111|
Indexes: 1	Inequalities: 0	Chains: |1000-->1111|
Indexes: 1	Inequalities: 0	Chains: |010-->110-->120-->111|
Indexes: 2	Inequalities: 0	Chains: |0101|1000-->1111|
Indexes: 1	Inequalities: 0	Chains: |1|
Indexes: 1	Inequalities: 0	Chains: |11|
