Indexes: 1	Inequalities: 1	Chains: |1-->2|
Indexes: 1	Inequalities: 1	Chains: |1-->2|
Indexes: 1	Inequalities: 0	Chains: |21000-->11100-->11200-->11111|
Indexes: 1	Inequalities: 0	Chains: |21000-->11100-->11200-->11111|
Indexes: 1	Inequalities: 0	Chains: |21000-->11100-->11200-->11111|
Indexes: 1	Inequalities: 0	Chains: |11100-->11200-->11111|
Indexes: 1	Inequalities: 0	Chains: |21000-->11100-->11200-->11111|
Indexes: 1	Inequalities: 0	Chains: |21000-->11100-->11200-->11111|
Indexes: 1	Inequalities: 0	Chains: |21000-->11100-->11200-->11111|
Indexes: 1	Inequalities: 0	Chains: |11100-->11200-->11111|
Indexes: 1	Inequalities: 0	Chains: |21000-->11100-->11200-->11111|
Indexes: 1	Inequalities: 0	Chains: |21000-->11100-->11200-->11111|
Indexes: 1	Inequalities: 0	Chains: |21000-->11100-->11200-->11111|
Indexes: 1	Inequalities: 0	Chains: |11100-->11200-->11111|
Indexes: 1	Inequalities: 0	Chains: |21000-->11100-->11200-->11111|
