Indexes: 1	Inequalities: 0	Chains: |100-->111|
Indexes: 1	Inequalities: 0	Chains: |1100-->1111|
