Indexes: 1	Inequalities: 0	Chains: |010-->011-->111|
Indexes: 1	Inequalities: 0	Chains: |010-->011-->111|
Indexes: 1	Inequalities: 0	Chains: |010-->011-->111|
Indexes: 1	Inequalities: 0	Chains: |010-->011-->111|
Indexes: 1	Inequalities: 0	Chains: |111|
Indexes: 1	Inequalities: 0	Chains: |111|
